============================================================
MARKDOWN LINK VALIDATOR
============================================================
Wiki directory: D:\codebuddySpace\Buffett'sLetter\wiki
[INFO] Found 59 Markdown files in wiki/

============================================================
VALIDATION IN PROGRESS
============================================================
[BROKEN] [1/59] wiki\about.md (1 broken links)
[BROKEN] [2/59] wiki\index.md (45 broken links)
[BROKEN] [4/59] wiki\concepts\concept-economic-moat.md (4 broken links)
[BROKEN] [5/59] wiki\concepts\concept-float.md (4 broken links)
[BROKEN] [6/59] wiki\concepts\concept-mr-market.md (7 broken links)
[BROKEN] [7/59] wiki\concepts\concept-return-on-equity.md (4 broken links)
[BROKEN] [8/59] wiki\concepts\concept-value-investing.md (3 broken links)
[BROKEN] [9/59] wiki\entities\entity-berkshire-hathaway.md (3 broken links)
[OK] [10/59] wiki\entities\entity-mrs-b.md (6 links)
[BROKEN] [11/59] wiki\entities\entity-warren-buffett.md (3 broken links)
[BROKEN] [12/59] wiki\sources\source-buffett-letters-1977.md (9 broken links)
[BROKEN] [13/59] wiki\sources\source-buffett-letters-1978.md (6 broken links)
[BROKEN] [14/59] wiki\sources\source-buffett-letters-1979.md (6 broken links)
[BROKEN] [15/59] wiki\sources\source-buffett-letters-1980.md (7 broken links)
[BROKEN] [16/59] wiki\sources\source-buffett-letters-1981.md (6 broken links)
[BROKEN] [17/59] wiki\sources\source-buffett-letters-1982.md (8 broken links)
[BROKEN] [18/59] wiki\sources\source-buffett-letters-1983.md (6 broken links)
[BROKEN] [19/59] wiki\sources\source-buffett-letters-1984.md (7 broken links)
[BROKEN] [20/59] wiki\sources\source-buffett-letters-1985.md (7 broken links)
[BROKEN] [21/59] wiki\sources\source-buffett-letters-1986.md (19 broken links)
[BROKEN] [22/59] wiki\sources\source-buffett-letters-1987.md (15 broken links)
[BROKEN] [23/59] wiki\sources\source-buffett-letters-1988.md (10 broken links)
[BROKEN] [24/59] wiki\sources\source-buffett-letters-1989.md (11 broken links)
[BROKEN] [25/59] wiki\sources\source-buffett-letters-1990.md (9 broken links)
[BROKEN] [26/59] wiki\sources\source-buffett-letters-1991.md (11 broken links)
[BROKEN] [27/59] wiki\sources\source-buffett-letters-1992.md (14 broken links)
[BROKEN] [28/59] wiki\sources\source-buffett-letters-1993.md (12 broken links)
[BROKEN] [29/59] wiki\sources\source-buffett-letters-1994.md (7 broken links)
[BROKEN] [30/59] wiki\sources\source-buffett-letters-1995.md (8 broken links)
[BROKEN] [31/59] wiki\sources\source-buffett-letters-1996.md (7 broken links)
[BROKEN] [32/59] wiki\sources\source-buffett-letters-1997.md (8 broken links)
[BROKEN] [33/59] wiki\sources\source-buffett-letters-2000.md (8 broken links)
[BROKEN] [34/59] wiki\sources\source-buffett-letters-2001.md (7 broken links)
[BROKEN] [35/59] wiki\sources\source-buffett-letters-2002.md (8 broken links)
[BROKEN] [36/59] wiki\sources\source-buffett-letters-2003.md (7 broken links)
[BROKEN] [37/59] wiki\sources\source-buffett-letters-2004.md (6 broken links)
[BROKEN] [38/59] wiki\sources\source-buffett-letters-2005.md (6 broken links)
[BROKEN] [39/59] wiki\sources\source-buffett-letters-2006.md (6 broken links)
[BROKEN] [40/59] wiki\sources\source-buffett-letters-2007.md (8 broken links)
[BROKEN] [41/59] wiki\sources\source-buffett-letters-2008.md (7 broken links)
[BROKEN] [42/59] wiki\sources\source-buffett-letters-2009.md (8 broken links)
[BROKEN] [43/59] wiki\sources\source-buffett-letters-2010.md (6 broken links)
[BROKEN] [45/59] wiki\sources\source-buffett-letters-2012.md (17 broken links)
[BROKEN] [46/59] wiki\sources\source-buffett-letters-2013.md (15 broken links)
[BROKEN] [47/59] wiki\sources\source-buffett-letters-2014.md (11 broken links)
[BROKEN] [48/59] wiki\sources\source-buffett-letters-2015.md (12 broken links)
[BROKEN] [49/59] wiki\sources\source-buffett-letters-2016.md (11 broken links)
[BROKEN] [50/59] wiki\sources\source-buffett-letters-2017.md (13 broken links)
[BROKEN] [51/59] wiki\sources\source-buffett-letters-2018.md (10 broken links)
[BROKEN] [52/59] wiki\sources\source-buffett-letters-2019.md (10 broken links)
[BROKEN] [53/59] wiki\sources\source-buffett-letters-2020.md (8 broken links)
[BROKEN] [54/59] wiki\sources\source-buffett-letters-2021.md (9 broken links)
[BROKEN] [55/59] wiki\sources\source-buffett-letters-2022.md (8 broken links)
[BROKEN] [56/59] wiki\sources\source-buffett-letters-2023.md (9 broken links)
[BROKEN] [57/59] wiki\sources\source-buffett-letters-2024.md (12 broken links)
[BROKEN] [58/59] wiki\sources\source-buffett-letters-2025.md (14 broken links)
[OK] [59/59] wiki\sources\source-buffett-letters.md (15 links)

============================================================
VALIDATION REPORT
============================================================
Total files scanned:     59
Total links found:       889
Valid links:             386
Broken links:            503
Warnings:                503

------------------------------------------------------------
BROKEN LINKS DETAILS
------------------------------------------------------------

File: wiki\about.md
  Line 79: [����](./����.md)
  Error: Target file not found: D:\codebuddySpace\Buffett'sLetter\wiki\����.md

File: wiki\index.md
  Line 14: [�����������׶�ķ](entities/entity-benjamin-graham.md)
  Error: Target file not found: D:\codebuddySpace\Buffett'sLetter\wiki\entities\entity-benjamin-graham.md

File: wiki\index.md
  Line 19: [GEICO](entities/entity-geico.md)
  Error: Target file not found: D:\codebuddySpace\Buffett'sLetter\wiki\entities\entity-geico.md

File: wiki\index.md
  Line 20: [National Indemnity](entities/entity-national-indemnity.md)
  Error: Target file not found: D:\codebuddySpace\Buffett'sLetter\wiki\entities\entity-national-indemnity.md

File: wiki\index.md
  Line 21: [��ʢ���ʱ�](entities/entity-washington-post.md)
  Error: Target file not found: D:\codebuddySpace\Buffett'sLetter\wiki\entities\entity-washington-post.md

File: wiki\index.md
  Line 22: [Capital Cities/ABC](entities/entity-cap-cities-abc.md)
  Error: Target file not found: D:\codebuddySpace\Buffett'sLetter\wiki\entities\entity-cap-cities-abc.md

File: wiki\index.md
  Line 23: [Nebraska Furniture Mart](entities/entity-nebraska-furniture-mart.md)
  Error: Target file not found: D:\codebuddySpace\Buffett'sLetter\wiki\entities\entity-nebraska-furniture-mart.md

File: wiki\index.md
  Line 24: [See's Candies](entities/entity-sees-candies.md)
  Error: Target file not found: D:\codebuddySpace\Buffett'sLetter\wiki\entities\entity-sees-candies.md

File: wiki\index.md
  Line 25: [Buffalo News](entities/entity-buffalo-news.md)
  Error: Target file not found: D:\codebuddySpace\Buffett'sLetter\wiki\entities\entity-buffalo-news.md

File: wiki\index.md
  Line 26: [Fechheimer Bros.](entities/entity-fechheimer.md)
  Error: Target file not found: D:\codebuddySpace\Buffett'sLetter\wiki\entities\entity-fechheimer.md

File: wiki\index.md
  Line 27: [�ɿڿ���](entities/entity-coca-cola.md)
  Error: Target file not found: D:\codebuddySpace\Buffett'sLetter\wiki\entities\entity-coca-cola.md

File: wiki\index.md
  Line 28: [����](entities/entity-gillette.md)
  Error: Target file not found: D:\codebuddySpace\Buffett'sLetter\wiki\entities\entity-gillette.md

File: wiki\index.md
  Line 29: [��������](entities/entity-wells-fargo.md)
  Error: Target file not found: D:\codebuddySpace\Buffett'sLetter\wiki\entities\entity-wells-fargo.md

File: wiki\index.md
  Line 30: [Borsheim's](entities/entity-borsheims.md)
  Error: Target file not found: D:\codebuddySpace\Buffett'sLetter\wiki\entities\entity-borsheims.md

File: wiki\index.md
  Line 31: [H.H. Brown](entities/entity-h-h-brown.md)
  Error: Target file not found: D:\codebuddySpace\Buffett'sLetter\wiki\entities\entity-h-h-brown.md

File: wiki\index.md
  Line 32: [Lowell Shoe](entities/entity-lowell-shoe.md)
  Error: Target file not found: D:\codebuddySpace\Buffett'sLetter\wiki\entities\entity-lowell-shoe.md

File: wiki\index.md
  Line 33: [Dexter Shoe](entities/entity-dexter-shoe.md)
  Error: Target file not found: D:\codebuddySpace\Buffett'sLetter\wiki\entities\entity-dexter-shoe.md

File: wiki\index.md
  Line 34: [Helzberg's Diamond Shops](entities/entity-helzbergs.md)
  Error: Target file not found: D:\codebuddySpace\Buffett'sLetter\wiki\entities\entity-helzbergs.md

File: wiki\index.md
  Line 35: [R.C. Willey Home Furnishings](entities/entity-rc-willey.md)
  Error: Target file not found: D:\codebuddySpace\Buffett'sLetter\wiki\entities\entity-rc-willey.md

File: wiki\index.md
  Line 36: [FlightSafety International](entities/entity-flightsafety.md)
  Error: Target file not found: D:\codebuddySpace\Buffett'sLetter\wiki\entities\entity-flightsafety.md

File: wiki\index.md
  Line 37: [Kansas Bankers Surety](entities/entity-kansas-bankers-surety.md)
  Error: Target file not found: D:\codebuddySpace\Buffett'sLetter\wiki\entities\entity-kansas-bankers-surety.md

File: wiki\index.md
  Line 38: [Scott Fetzer](entities/entity-scott-fetzer.md)
  Error: Target file not found: D:\codebuddySpace\Buffett'sLetter\wiki\entities\entity-scott-fetzer.md

File: wiki\index.md
  Line 39: [Marmon Group](entities/entity-marmon-group.md)
  Error: Target file not found: D:\codebuddySpace\Buffett'sLetter\wiki\entities\entity-marmon-group.md

File: wiki\index.md
  Line 40: [TTI Industries](entities/entity-tti.md)
  Error: Target file not found: D:\codebuddySpace\Buffett'sLetter\wiki\entities\entity-tti.md

File: wiki\index.md
  Line 41: [Iscar](entities/entity-iscar.md)
  Error: Target file not found: D:\codebuddySpace\Buffett'sLetter\wiki\entities\entity-iscar.md

File: wiki\index.md
  Line 42: [Burlington Northern Santa Fe](entities/entity-bnsf.md)
  Error: Target file not found: D:\codebuddySpace\Buffett'sLetter\wiki\entities\entity-bnsf.md

File: wiki\index.md
  Line 43: [Lubrizol](entities/entity-lubrizol.md)
  Error: Target file not found: D:\codebuddySpace\Buffett'sLetter\wiki\entities\entity-lubrizol.md

File: wiki\index.md
  Line 44: [H.J. Heinz](entities/entity-heinz.md)
  Error: Target file not found: D:\codebuddySpace\Buffett'sLetter\wiki\entities\entity-heinz.md

File: wiki\index.md
  Line 45: [MidAmerican Energy](entities/entity-midamerican-energy.md)
  Error: Target file not found: D:\codebuddySpace\Buffett'sLetter\wiki\entities\entity-midamerican-energy.md

File: wiki\index.md
  Line 46: [IBM](entities/entity-ibm.md)
  Error: Target file not found: D:\codebuddySpace\Buffett'sLetter\wiki\entities\entity-ibm.md

File: wiki\index.md
  Line 60: [���ڼ�ֵ](concepts/concept-intrinsic-value.md)
  Error: Target file not found: D:\codebuddySpace\Buffett'sLetter\wiki\concepts\concept-intrinsic-value.md

File: wiki\index.md
  Line 62: [���óֹ�](concepts/concept-permanent-holdings.md)
  Error: Target file not found: D:\codebuddySpace\Buffett'sLetter\wiki\concepts\concept-permanent-holdings.md

File: wiki\index.md
  Line 63: [����������](concepts/concept-owner-earnings.md)
  Error: Target file not found: D:\codebuddySpace\Buffett'sLetter\wiki\concepts\concept-owner-earnings.md

File: wiki\index.md
  Line 64: [��������](concepts/concept-economic-goodwill.md)
  Error: Target file not found: D:\codebuddySpace\Buffett'sLetter\wiki\concepts\concept-economic-goodwill.md

File: wiki\index.md
  Line 65: [͸��ӯ��](concepts/concept-look-through-earnings.md)
  Error: Target file not found: D:\codebuddySpace\Buffett'sLetter\wiki\concepts\concept-look-through-earnings.md

File: wiki\index.md
  Line 66: [��ȫ�߼�](concepts/concept-margin-of-safety.md)
  Error: Target file not found: D:\codebuddySpace\Buffett'sLetter\wiki\concepts\concept-margin-of-safety.md

File: wiki\index.md
  Line 67: [�����ֵ](concepts/concept-book-value.md)
  Error: Target file not found: D:\codebuddySpace\Buffett'sLetter\wiki\concepts\concept-book-value.md

File: wiki\index.md
  Line 68: [�ʱ�����](concepts/concept-capital-allocation.md)
  Error: Target file not found: D:\codebuddySpace\Buffett'sLetter\wiki\concepts\concept-capital-allocation.md

File: wiki\index.md
  Line 69: [������׼](concepts/concept-yardsticks.md)
  Error: Target file not found: D:\codebuddySpace\Buffett'sLetter\wiki\concepts\concept-yardsticks.md

File: wiki\index.md
  Line 70: [������Ļ�](concepts/concept-managerial-culture.md)
  Error: Target file not found: D:\codebuddySpace\Buffett'sLetter\wiki\concepts\concept-managerial-culture.md

File: wiki\index.md
  Line 71: [����ʵ��](concepts/concept-financial-strength.md)
  Error: Target file not found: D:\codebuddySpace\Buffett'sLetter\wiki\concepts\concept-financial-strength.md

File: wiki\index.md
  Line 72: [����ӯ������](concepts/concept-normal-earning-power.md)
  Error: Target file not found: D:\codebuddySpace\Buffett'sLetter\wiki\concepts\concept-normal-earning-power.md

File: wiki\index.md
  Line 73: [��������](concepts/concept-five-year-periods.md)
  Error: Target file not found: D:\codebuddySpace\Buffett'sLetter\wiki\concepts\concept-five-year-periods.md

File: wiki\index.md
  Line 74: [ÿ������](concepts/concept-per-share-growth.md)
  Error: Target file not found: D:\codebuddySpace\Buffett'sLetter\wiki\concepts\concept-per-share-growth.md

File: wiki\index.md
  Line 75: [�������չ�](concepts/concept-bolt-on-acquisitions.md)
  Error: Target file not found: D:\codebuddySpace\Buffett'sLetter\wiki\concepts\concept-bolt-on-acquisitions.md

File: wiki\index.md
  Line 76: [����˼ά](concepts/concept-inversion.md)
  Error: Target file not found: D:\codebuddySpace\Buffett'sLetter\wiki\concepts\concept-inversion.md

File: wiki\concepts\concept-economic-moat.md
  Line 151: [entity-geico](../entities/entity-geico.md)
  Error: Target file not found: D:\codebuddySpace\Buffett'sLetter\wiki\entities\entity-geico.md

File: wiki\concepts\concept-economic-moat.md
  Line 156: [See's Candies](../entities/entity-sees-candies.md)
  Error: Target file not found: D:\codebuddySpace\Buffett'sLetter\wiki\entities\entity-sees-candies.md

File: wiki\concepts\concept-economic-moat.md
  Line 161: [Borsheim's](../entities/entity-borsheims.md)
  Error: Target file not found: D:\codebuddySpace\Buffett'sLetter\wiki\entities\entity-borsheims.md

File: wiki\concepts\concept-economic-moat.md
  Line 241: [concept-intrinsic-value](concept-intrinsic-value.md)
  Error: Target file not found: D:\codebuddySpace\Buffett'sLetter\wiki\concepts\concept-intrinsic-value.md

File: wiki\concepts\concept-float.md
  Line 240: [concept-intrinsic-value](concept-intrinsic-value.md)
  Error: Target file not found: D:\codebuddySpace\Buffett'sLetter\wiki\concepts\concept-intrinsic-value.md

File: wiki\concepts\concept-float.md
  Line 241: [entity-geico](../entities/entity-geico.md)
  Error: Target file not found: D:\codebuddySpace\Buffett'sLetter\wiki\entities\entity-geico.md

File: wiki\concepts\concept-float.md
  Line 242: [entity-national-indemnity](../entities/entity-national-indemnity.md)
  Error: Target file not found: D:\codebuddySpace\Buffett'sLetter\wiki\entities\entity-national-indemnity.md

File: wiki\concepts\concept-float.md
  Line 251: [entity-geico](../entities/entity-geico.md)
  Error: Target file not found: D:\codebuddySpace\Buffett'sLetter\wiki\entities\entity-geico.md

File: wiki\concepts\concept-mr-market.md
  Line 7: [entity-benjamin-graham](../entities/entity-benjamin-graham.md)
  Error: Target file not found: D:\codebuddySpace\Buffett'sLetter\wiki\entities\entity-benjamin-graham.md

File: wiki\concepts\concept-mr-market.md
  Line 158: [concept-intrinsic-value](concept-intrinsic-value.md)
  Error: Target file not found: D:\codebuddySpace\Buffett'sLetter\wiki\concepts\concept-intrinsic-value.md

File: wiki\concepts\concept-mr-market.md
  Line 208: [concept-margin-of-safety](concept-margin-of-safety.md)
  Error: Target file not found: D:\codebuddySpace\Buffett'sLetter\wiki\concepts\concept-margin-of-safety.md

File: wiki\concepts\concept-mr-market.md
  Line 209: [concept-intrinsic-value](concept-intrinsic-value.md)
  Error: Target file not found: D:\codebuddySpace\Buffett'sLetter\wiki\concepts\concept-intrinsic-value.md

File: wiki\concepts\concept-mr-market.md
  Line 210: [entity-benjamin-graham](../entities/entity-benjamin-graham.md)
  Error: Target file not found: D:\codebuddySpace\Buffett'sLetter\wiki\entities\entity-benjamin-graham.md

File: wiki\concepts\concept-mr-market.md
  Line 219: [entity-benjamin-graham](../entities/entity-benjamin-graham.md)
  Error: Target file not found: D:\codebuddySpace\Buffett'sLetter\wiki\entities\entity-benjamin-graham.md

File: wiki\concepts\concept-mr-market.md
  Line 219: [concept-intrinsic-value](concept-intrinsic-value.md)
  Error: Target file not found: D:\codebuddySpace\Buffett'sLetter\wiki\concepts\concept-intrinsic-value.md

File: wiki\concepts\concept-return-on-equity.md
  Line 117: [concept-intrinsic-value](concept-intrinsic-value.md)
  Error: Target file not found: D:\codebuddySpace\Buffett'sLetter\wiki\concepts\concept-intrinsic-value.md

File: wiki\concepts\concept-return-on-equity.md
  Line 230: [concept-intrinsic-value](concept-intrinsic-value.md)
  Error: Target file not found: D:\codebuddySpace\Buffett'sLetter\wiki\concepts\concept-intrinsic-value.md

File: wiki\concepts\concept-return-on-equity.md
  Line 231: [concept-owner-earnings](concept-owner-earnings.md)
  Error: Target file not found: D:\codebuddySpace\Buffett'sLetter\wiki\concepts\concept-owner-earnings.md

File: wiki\concepts\concept-return-on-equity.md
  Line 240: [concept-intrinsic-value](concept-intrinsic-value.md)
  Error: Target file not found: D:\codebuddySpace\Buffett'sLetter\wiki\concepts\concept-intrinsic-value.md

File: wiki\concepts\concept-value-investing.md
  Line 7: [entity-benjamin-graham](../entities/entity-benjamin-graham.md)
  Error: Target file not found: D:\codebuddySpace\Buffett'sLetter\wiki\entities\entity-benjamin-graham.md

File: wiki\concepts\concept-value-investing.md
  Line 139: [entity-benjamin-graham](../entities/entity-benjamin-graham.md)
  Error: Target file not found: D:\codebuddySpace\Buffett'sLetter\wiki\entities\entity-benjamin-graham.md

File: wiki\concepts\concept-value-investing.md
  Line 171: [entity-benjamin-graham](../entities/entity-benjamin-graham.md)
  Error: Target file not found: D:\codebuddySpace\Buffett'sLetter\wiki\entities\entity-benjamin-graham.md

File: wiki\entities\entity-berkshire-hathaway.md
  Line 45: [entity-geico](entity-geico.md)
  Error: Target file not found: D:\codebuddySpace\Buffett'sLetter\wiki\entities\entity-geico.md

File: wiki\entities\entity-berkshire-hathaway.md
  Line 79: [See's Candies](entity-sees-candies.md)
  Error: Target file not found: D:\codebuddySpace\Buffett'sLetter\wiki\entities\entity-sees-candies.md

File: wiki\entities\entity-berkshire-hathaway.md
  Line 221: [entity-geico](entity-geico.md)
  Error: Target file not found: D:\codebuddySpace\Buffett'sLetter\wiki\entities\entity-geico.md

File: wiki\entities\entity-warren-buffett.md
  Line 58: [entity-geico](entity-geico.md)
  Error: Target file not found: D:\codebuddySpace\Buffett'sLetter\wiki\entities\entity-geico.md

File: wiki\entities\entity-warren-buffett.md
  Line 85: [entity-benjamin-graham](entity-benjamin-graham.md)
  Error: Target file not found: D:\codebuddySpace\Buffett'sLetter\wiki\entities\entity-benjamin-graham.md

File: wiki\entities\entity-warren-buffett.md
  Line 125: [entity-benjamin-graham](entity-benjamin-graham.md)
  Error: Target file not found: D:\codebuddySpace\Buffett'sLetter\wiki\entities\entity-benjamin-graham.md

File: wiki\sources\source-buffett-letters-1977.md
  Line 117: [National Indemnity](../entities/entity-national-indemnity.md)
  Error: Target file not found: D:\codebuddySpace\Buffett'sLetter\wiki\entities\entity-national-indemnity.md

File: wiki\sources\source-buffett-letters-1977.md
  Line 118: [GEICO](../entities/entity-geico.md)
  Error: Target file not found: D:\codebuddySpace\Buffett'sLetter\wiki\entities\entity-geico.md

File: wiki\sources\source-buffett-letters-1977.md
  Line 119: [��ʢ���ʱ�](../entities/entity-washington-post.md)
  Error: Target file not found: D:\codebuddySpace\Buffett'sLetter\wiki\entities\entity-washington-post.md

File: wiki\sources\source-buffett-letters-1977.md
  Line 120: [See's Candies](../entities/entity-sees-candies.md)
  Error: Target file not found: D:\codebuddySpace\Buffett'sLetter\wiki\entities\entity-sees-candies.md

File: wiki\sources\source-buffett-letters-1977.md
  Line 121: [Phil Liesche](../entities/entity-phil-liesche.md)
  Error: Target file not found: D:\codebuddySpace\Buffett'sLetter\wiki\entities\entity-phil-liesche.md

File: wiki\sources\source-buffett-letters-1977.md
  Line 122: [Gene Abegg](../entities/entity-gene-abegg.md)
  Error: Target file not found: D:\codebuddySpace\Buffett'sLetter\wiki\entities\entity-gene-abegg.md

File: wiki\sources\source-buffett-letters-1977.md
  Line 123: [Chuck Huggins](../entities/entity-chuck-huggins.md)
  Error: Target file not found: D:\codebuddySpace\Buffett'sLetter\wiki\entities\entity-chuck-huggins.md

File: wiki\sources\source-buffett-letters-1977.md
  Line 130: [��������](../concepts/concept-management-quality.md)
  Error: Target file not found: D:\codebuddySpace\Buffett'sLetter\wiki\concepts\concept-management-quality.md

File: wiki\sources\source-buffett-letters-1977.md
  Line 131: [���������˼ά](../concepts/concept-stakeholder-thinking.md)
  Error: Target file not found: D:\codebuddySpace\Buffett'sLetter\wiki\concepts\concept-stakeholder-thinking.md

File: wiki\sources\source-buffett-letters-1978.md
  Line 117: [entity-charlie-munger](../entities/entity-charlie-munger.md)
  Error: Target file not found: D:\codebuddySpace\Buffett'sLetter\wiki\entities\entity-charlie-munger.md

File: wiki\sources\source-buffett-letters-1978.md
  Line 118: [entity-gene-abegg](../entities/entity-gene-abegg.md)
  Error: Target file not found: D:\codebuddySpace\Buffett'sLetter\wiki\entities\entity-gene-abegg.md

File: wiki\sources\source-buffett-letters-1978.md
  Line 122: [entity-national-indemnity](../entities/entity-national-indemnity.md)
  Error: Target file not found: D:\codebuddySpace\Buffett'sLetter\wiki\entities\entity-national-indemnity.md

File: wiki\sources\source-buffett-letters-1978.md
  Line 123: [entity-illinois-national-bank](../entities/entity-illinois-national-bank.md)
  Error: Target file not found: D:\codebuddySpace\Buffett'sLetter\wiki\entities\entity-illinois-national-bank.md

File: wiki\sources\source-buffett-letters-1978.md
  Line 129: [concept-capital-allocation](../concepts/concept-capital-allocation.md)
  Error: Target file not found: D:\codebuddySpace\Buffett'sLetter\wiki\concepts\concept-capital-allocation.md

File: wiki\sources\source-buffett-letters-1978.md
  Line 130: [concept-underwriting-profit](../concepts/concept-underwriting-profit.md)
  Error: Target file not found: D:\codebuddySpace\Buffett'sLetter\wiki\concepts\concept-underwriting-profit.md

File: wiki\sources\source-buffett-letters-1979.md
  Line 93: [entity-national-indemnity](../entities/entity-national-indemnity.md)
  Error: Target file not found: D:\codebuddySpace\Buffett'sLetter\wiki\entities\entity-national-indemnity.md

File: wiki\sources\source-buffett-letters-1979.md
  Line 94: [entity-geico](../entities/entity-geico.md)
  Error: Target file not found: D:\codebuddySpace\Buffett'sLetter\wiki\entities\entity-geico.md

File: wiki\sources\source-buffett-letters-1979.md
  Line 98: [concept-inflation](../concepts/concept-inflation.md)
  Error: Target file not found: D:\codebuddySpace\Buffett'sLetter\wiki\concepts\concept-inflation.md

File: wiki\sources\source-buffett-letters-1979.md
  Line 99: [concept-underwriting-cycle](../concepts/concept-underwriting-cycle.md)
  Error: Target file not found: D:\codebuddySpace\Buffett'sLetter\wiki\concepts\concept-underwriting-cycle.md

File: wiki\sources\source-buffett-letters-1979.md
  Line 100: [concept-real-return](../concepts/concept-real-return.md)
  Error: Target file not found: D:\codebuddySpace\Buffett'sLetter\wiki\concepts\concept-real-return.md

File: wiki\sources\source-buffett-letters-1979.md
  Line 137: [concept-inflation](../concepts/concept-inflation.md)
  Error: Target file not found: D:\codebuddySpace\Buffett'sLetter\wiki\concepts\concept-inflation.md

File: wiki\sources\source-buffett-letters-1980.md
  Line 93: [entity-geico](../entities/entity-geico.md)
  Error: Target file not found: D:\codebuddySpace\Buffett'sLetter\wiki\entities\entity-geico.md

File: wiki\sources\source-buffett-letters-1980.md
  Line 94: [entity-washington-post](../entities/entity-washington-post.md)
  Error: Target file not found: D:\codebuddySpace\Buffett'sLetter\wiki\entities\entity-washington-post.md

File: wiki\sources\source-buffett-letters-1980.md
  Line 98: [concept-intrinsic-value](../concepts/concept-intrinsic-value.md)
  Error: Target file not found: D:\codebuddySpace\Buffett'sLetter\wiki\concepts\concept-intrinsic-value.md

File: wiki\sources\source-buffett-letters-1980.md
  Line 99: [concept-noncontrolling-interest](../concepts/concept-noncontrolling-interest.md)
  Error: Target file not found: D:\codebuddySpace\Buffett'sLetter\wiki\concepts\concept-noncontrolling-interest.md

File: wiki\sources\source-buffett-letters-1980.md
  Line 100: [concept-cost-advantage](../concepts/concept-cost-advantage.md)
  Error: Target file not found: D:\codebuddySpace\Buffett'sLetter\wiki\concepts\concept-cost-advantage.md

File: wiki\sources\source-buffett-letters-1980.md
  Line 137: [entity-geico](../entities/entity-geico.md)
  Error: Target file not found: D:\codebuddySpace\Buffett'sLetter\wiki\entities\entity-geico.md

File: wiki\sources\source-buffett-letters-1980.md
  Line 137: [concept-intrinsic-value](../concepts/concept-intrinsic-value.md)
  Error: Target file not found: D:\codebuddySpace\Buffett'sLetter\wiki\concepts\concept-intrinsic-value.md

File: wiki\sources\source-buffett-letters-1981.md
  Line 96: [concept-stock-issuance](../concepts/concept-stock-issuance.md)
  Error: Target file not found: D:\codebuddySpace\Buffett'sLetter\wiki\concepts\concept-stock-issuance.md

File: wiki\sources\source-buffett-letters-1981.md
  Line 97: [concept-acquisition-criteria](../concepts/concept-acquisition-criteria.md)
  Error: Target file not found: D:\codebuddySpace\Buffett'sLetter\wiki\concepts\concept-acquisition-criteria.md

File: wiki\sources\source-buffett-letters-1981.md
  Line 98: [concept-inflation-impact](../concepts/concept-inflation-impact.md)
  Error: Target file not found: D:\codebuddySpace\Buffett'sLetter\wiki\concepts\concept-inflation-impact.md

File: wiki\sources\source-buffett-letters-1981.md
  Line 115: [concept-intrinsic-value](../concepts/concept-intrinsic-value.md)
  Error: Target file not found: D:\codebuddySpace\Buffett'sLetter\wiki\concepts\concept-intrinsic-value.md

File: wiki\sources\source-buffett-letters-1981.md
  Line 116: [concept-capital-allocation](../concepts/concept-capital-allocation.md)
  Error: Target file not found: D:\codebuddySpace\Buffett'sLetter\wiki\concepts\concept-capital-allocation.md

File: wiki\sources\source-buffett-letters-1981.md
  Line 135: [concept-acquisition-criteria](../concepts/concept-acquisition-criteria.md)
  Error: Target file not found: D:\codebuddySpace\Buffett'sLetter\wiki\concepts\concept-acquisition-criteria.md

File: wiki\sources\source-buffett-letters-1982.md
  Line 93: [entity-geico](../entities/entity-geico.md)
  Error: Target file not found: D:\codebuddySpace\Buffett'sLetter\wiki\entities\entity-geico.md

File: wiki\sources\source-buffett-letters-1982.md
  Line 94: [entity-washington-post](../entities/entity-washington-post.md)
  Error: Target file not found: D:\codebuddySpace\Buffett'sLetter\wiki\entities\entity-washington-post.md

File: wiki\sources\source-buffett-letters-1982.md
  Line 98: [concept-undistributed-earnings](../concepts/concept-undistributed-earnings.md)
  Error: Target file not found: D:\codebuddySpace\Buffett'sLetter\wiki\concepts\concept-undistributed-earnings.md

File: wiki\sources\source-buffett-letters-1982.md
  Line 99: [concept-retained-earnings](../concepts/concept-retained-earnings.md)
  Error: Target file not found: D:\codebuddySpace\Buffett'sLetter\wiki\concepts\concept-retained-earnings.md

File: wiki\sources\source-buffett-letters-1982.md
  Line 100: [concept-stock-dilution](../concepts/concept-stock-dilution.md)
  Error: Target file not found: D:\codebuddySpace\Buffett'sLetter\wiki\concepts\concept-stock-dilution.md

File: wiki\sources\source-buffett-letters-1982.md
  Line 117: [concept-intrinsic-value](../concepts/concept-intrinsic-value.md)
  Error: Target file not found: D:\codebuddySpace\Buffett'sLetter\wiki\concepts\concept-intrinsic-value.md

File: wiki\sources\source-buffett-letters-1982.md
  Line 118: [concept-capital-allocation](../concepts/concept-capital-allocation.md)
  Error: Target file not found: D:\codebuddySpace\Buffett'sLetter\wiki\concepts\concept-capital-allocation.md

File: wiki\sources\source-buffett-letters-1982.md
  Line 137: [concept-undistributed-earnings](../concepts/concept-undistributed-earnings.md)
  Error: Target file not found: D:\codebuddySpace\Buffett'sLetter\wiki\concepts\concept-undistributed-earnings.md

File: wiki\sources\source-buffett-letters-1983.md
  Line 100: [entity-nebraska-furniture-mart](../entities/entity-nebraska-furniture-mart.md)
  Error: Target file not found: D:\codebuddySpace\Buffett'sLetter\wiki\entities\entity-nebraska-furniture-mart.md

File: wiki\sources\source-buffett-letters-1983.md
  Line 101: [entity-buffalo-news](../entities/entity-buffalo-news.md)
  Error: Target file not found: D:\codebuddySpace\Buffett'sLetter\wiki\entities\entity-buffalo-news.md

File: wiki\sources\source-buffett-letters-1983.md
  Line 105: [concept-economic-goodwill](../concepts/concept-economic-goodwill.md)
  Error: Target file not found: D:\codebuddySpace\Buffett'sLetter\wiki\concepts\concept-economic-goodwill.md

File: wiki\sources\source-buffett-letters-1983.md
  Line 106: [concept-accounting-goodwill](../concepts/concept-accounting-goodwill.md)
  Error: Target file not found: D:\codebuddySpace\Buffett'sLetter\wiki\concepts\concept-accounting-goodwill.md

File: wiki\sources\source-buffett-letters-1983.md
  Line 125: [concept-intrinsic-value](../concepts/concept-intrinsic-value.md)
  Error: Target file not found: D:\codebuddySpace\Buffett'sLetter\wiki\concepts\concept-intrinsic-value.md

File: wiki\sources\source-buffett-letters-1983.md
  Line 144: [concept-economic-goodwill](../concepts/concept-economic-goodwill.md)
  Error: Target file not found: D:\codebuddySpace\Buffett'sLetter\wiki\concepts\concept-economic-goodwill.md

File: wiki\sources\source-buffett-letters-1984.md
  Line 93: [entity-national-indemnity](../entities/entity-national-indemnity.md)
  Error: Target file not found: D:\codebuddySpace\Buffett'sLetter\wiki\entities\entity-national-indemnity.md

File: wiki\sources\source-buffett-letters-1984.md
  Line 100: [concept-dividend-policy](../concepts/concept-dividend-policy.md)
  Error: Target file not found: D:\codebuddySpace\Buffett'sLetter\wiki\concepts\concept-dividend-policy.md

File: wiki\sources\source-buffett-letters-1984.md
  Line 101: [concept-special-situations](../concepts/concept-special-situations.md)
  Error: Target file not found: D:\codebuddySpace\Buffett'sLetter\wiki\concepts\concept-special-situations.md

File: wiki\sources\source-buffett-letters-1984.md
  Line 102: [concept-capital-allocation](../concepts/concept-capital-allocation.md)
  Error: Target file not found: D:\codebuddySpace\Buffett'sLetter\wiki\concepts\concept-capital-allocation.md

File: wiki\sources\source-buffett-letters-1984.md
  Line 119: [concept-undistributed-earnings](../concepts/concept-undistributed-earnings.md)
  Error: Target file not found: D:\codebuddySpace\Buffett'sLetter\wiki\concepts\concept-undistributed-earnings.md

File: wiki\sources\source-buffett-letters-1984.md
  Line 120: [concept-risk-return](../concepts/concept-risk-return.md)
  Error: Target file not found: D:\codebuddySpace\Buffett'sLetter\wiki\concepts\concept-risk-return.md

File: wiki\sources\source-buffett-letters-1984.md
  Line 139: [concept-dividend-policy](../concepts/concept-dividend-policy.md)
  Error: Target file not found: D:\codebuddySpace\Buffett'sLetter\wiki\concepts\concept-dividend-policy.md

File: wiki\sources\source-buffett-letters-1985.md
  Line 127: [Capital Cities/ABC](../entities/entity-cap-cities-abc.md)
  Error: Target file not found: D:\codebuddySpace\Buffett'sLetter\wiki\entities\entity-cap-cities-abc.md

File: wiki\sources\source-buffett-letters-1985.md
  Line 128: [Scott & Fetzer](../entities/entity-scott-fetzer.md)
  Error: Target file not found: D:\codebuddySpace\Buffett'sLetter\wiki\entities\entity-scott-fetzer.md

File: wiki\sources\source-buffett-letters-1985.md
  Line 129: [GEICO](../entities/entity-geico.md)
  Error: Target file not found: D:\codebuddySpace\Buffett'sLetter\wiki\entities\entity-geico.md

File: wiki\sources\source-buffett-letters-1985.md
  Line 130: [��ʢ���ʱ�](../entities/entity-washington-post.md)
  Error: Target file not found: D:\codebuddySpace\Buffett'sLetter\wiki\entities\entity-washington-post.md

File: wiki\sources\source-buffett-letters-1985.md
  Line 136: [�ʱ�����](../concepts/concept-capital-allocation.md)
  Error: Target file not found: D:\codebuddySpace\Buffett'sLetter\wiki\concepts\concept-capital-allocation.md

File: wiki\sources\source-buffett-letters-1985.md
  Line 137: [������Ļ�](../concepts/concept-managerial-culture.md)
  Error: Target file not found: D:\codebuddySpace\Buffett'sLetter\wiki\concepts\concept-managerial-culture.md

File: wiki\sources\source-buffett-letters-1985.md
  Line 158: [�ʱ�����](../concepts/concept-capital-allocation.md)
  Error: Target file not found: D:\codebuddySpace\Buffett'sLetter\wiki\concepts\concept-capital-allocation.md

File: wiki\sources\source-buffett-letters-1986.md
  Line 120: [entity-charlie-munger](../entities/entity-charlie-munger.md)
  Error: Target file not found: D:\codebuddySpace\Buffett'sLetter\wiki\entities\entity-charlie-munger.md

File: wiki\sources\source-buffett-letters-1986.md
  Line 121: [entity-bob-heldman](../entities/entity-bob-heldman.md)
  Error: Target file not found: D:\codebuddySpace\Buffett'sLetter\wiki\entities\entity-bob-heldman.md

File: wiki\sources\source-buffett-letters-1986.md
  Line 126: [entity-fechheimer](../entities/entity-fechheimer.md)
  Error: Target file not found: D:\codebuddySpace\Buffett'sLetter\wiki\entities\entity-fechheimer.md

File: wiki\sources\source-buffett-letters-1986.md
  Line 127: [entity-cap-cities-abc](../entities/entity-cap-cities-abc.md)
  Error: Target file not found: D:\codebuddySpace\Buffett'sLetter\wiki\entities\entity-cap-cities-abc.md

File: wiki\sources\source-buffett-letters-1986.md
  Line 128: [entity-geico](../entities/entity-geico.md)
  Error: Target file not found: D:\codebuddySpace\Buffett'sLetter\wiki\entities\entity-geico.md

File: wiki\sources\source-buffett-letters-1986.md
  Line 129: [entity-washington-post](../entities/entity-washington-post.md)
  Error: Target file not found: D:\codebuddySpace\Buffett'sLetter\wiki\entities\entity-washington-post.md

File: wiki\sources\source-buffett-letters-1986.md
  Line 130: [entity-nebraska-furniture-mart](../entities/entity-nebraska-furniture-mart.md)
  Error: Target file not found: D:\codebuddySpace\Buffett'sLetter\wiki\entities\entity-nebraska-furniture-mart.md

File: wiki\sources\source-buffett-letters-1986.md
  Line 131: [entity-buffalo-news](../entities/entity-buffalo-news.md)
  Error: Target file not found: D:\codebuddySpace\Buffett'sLetter\wiki\entities\entity-buffalo-news.md

File: wiki\sources\source-buffett-letters-1986.md
  Line 132: [entity-sees-candies](../entities/entity-sees-candies.md)
  Error: Target file not found: D:\codebuddySpace\Buffett'sLetter\wiki\entities\entity-sees-candies.md

File: wiki\sources\source-buffett-letters-1986.md
  Line 133: [entity-scott-fetzer](../entities/entity-scott-fetzer.md)
  Error: Target file not found: D:\codebuddySpace\Buffett'sLetter\wiki\entities\entity-scott-fetzer.md

File: wiki\sources\source-buffett-letters-1986.md
  Line 134: [entity-world-book](../entities/entity-world-book.md)
  Error: Target file not found: D:\codebuddySpace\Buffett'sLetter\wiki\entities\entity-world-book.md

File: wiki\sources\source-buffett-letters-1986.md
  Line 135: [entity-kirby](../entities/entity-kirby.md)
  Error: Target file not found: D:\codebuddySpace\Buffett'sLetter\wiki\entities\entity-kirby.md

File: wiki\sources\source-buffett-letters-1986.md
  Line 139: [concept-permanent-holdings](../concepts/concept-permanent-holdings.md)
  Error: Target file not found: D:\codebuddySpace\Buffett'sLetter\wiki\concepts\concept-permanent-holdings.md

File: wiki\sources\source-buffett-letters-1986.md
  Line 140: [concept-owner-earnings](../concepts/concept-owner-earnings.md)
  Error: Target file not found: D:\codebuddySpace\Buffett'sLetter\wiki\concepts\concept-owner-earnings.md

File: wiki\sources\source-buffett-letters-1986.md
  Line 141: [concept-acquisition-criteria](../concepts/concept-acquisition-criteria.md)
  Error: Target file not found: D:\codebuddySpace\Buffett'sLetter\wiki\concepts\concept-acquisition-criteria.md

File: wiki\sources\source-buffett-letters-1986.md
  Line 142: [concept-capital-allocation](../concepts/concept-capital-allocation.md)
  Error: Target file not found: D:\codebuddySpace\Buffett'sLetter\wiki\concepts\concept-capital-allocation.md

File: wiki\sources\source-buffett-letters-1986.md
  Line 181: [concept-intrinsic-value](../concepts/concept-intrinsic-value.md)
  Error: Target file not found: D:\codebuddySpace\Buffett'sLetter\wiki\concepts\concept-intrinsic-value.md

File: wiki\sources\source-buffett-letters-1986.md
  Line 226: [concept-permanent-holdings](../concepts/concept-permanent-holdings.md)
  Error: Target file not found: D:\codebuddySpace\Buffett'sLetter\wiki\concepts\concept-permanent-holdings.md

File: wiki\sources\source-buffett-letters-1986.md
  Line 226: [concept-owner-earnings](../concepts/concept-owner-earnings.md)
  Error: Target file not found: D:\codebuddySpace\Buffett'sLetter\wiki\concepts\concept-owner-earnings.md

File: wiki\sources\source-buffett-letters-1987.md
  Line 103: [entity-charlie-munger](../entities/entity-charlie-munger.md)
  Error: Target file not found: D:\codebuddySpace\Buffett'sLetter\wiki\entities\entity-charlie-munger.md

File: wiki\sources\source-buffett-letters-1987.md
  Line 104: [entity-benjamin-graham](../entities/entity-benjamin-graham.md)
  Error: Target file not found: D:\codebuddySpace\Buffett'sLetter\wiki\entities\entity-benjamin-graham.md

File: wiki\sources\source-buffett-letters-1987.md
  Line 108: [entity-cap-cities-abc](../entities/entity-cap-cities-abc.md)
  Error: Target file not found: D:\codebuddySpace\Buffett'sLetter\wiki\entities\entity-cap-cities-abc.md

File: wiki\sources\source-buffett-letters-1987.md
  Line 109: [entity-geico](../entities/entity-geico.md)
  Error: Target file not found: D:\codebuddySpace\Buffett'sLetter\wiki\entities\entity-geico.md

File: wiki\sources\source-buffett-letters-1987.md
  Line 110: [entity-washington-post](../entities/entity-washington-post.md)
  Error: Target file not found: D:\codebuddySpace\Buffett'sLetter\wiki\entities\entity-washington-post.md

File: wiki\sources\source-buffett-letters-1987.md
  Line 111: [entity-fechheimer](../entities/entity-fechheimer.md)
  Error: Target file not found: D:\codebuddySpace\Buffett'sLetter\wiki\entities\entity-fechheimer.md

File: wiki\sources\source-buffett-letters-1987.md
  Line 112: [entity-nebraska-furniture-mart](../entities/entity-nebraska-furniture-mart.md)
  Error: Target file not found: D:\codebuddySpace\Buffett'sLetter\wiki\entities\entity-nebraska-furniture-mart.md

File: wiki\sources\source-buffett-letters-1987.md
  Line 113: [entity-buffalo-news](../entities/entity-buffalo-news.md)
  Error: Target file not found: D:\codebuddySpace\Buffett'sLetter\wiki\entities\entity-buffalo-news.md

File: wiki\sources\source-buffett-letters-1987.md
  Line 114: [entity-sees-candies](../entities/entity-sees-candies.md)
  Error: Target file not found: D:\codebuddySpace\Buffett'sLetter\wiki\entities\entity-sees-candies.md

File: wiki\sources\source-buffett-letters-1987.md
  Line 119: [concept-permanent-holdings](../concepts/concept-permanent-holdings.md)
  Error: Target file not found: D:\codebuddySpace\Buffett'sLetter\wiki\concepts\concept-permanent-holdings.md

File: wiki\sources\source-buffett-letters-1987.md
  Line 120: [concept-market-volatility](../concepts/concept-market-volatility.md)
  Error: Target file not found: D:\codebuddySpace\Buffett'sLetter\wiki\concepts\concept-market-volatility.md

File: wiki\sources\source-buffett-letters-1987.md
  Line 121: [concept-investment-psychology](../concepts/concept-investment-psychology.md)
  Error: Target file not found: D:\codebuddySpace\Buffett'sLetter\wiki\concepts\concept-investment-psychology.md

File: wiki\sources\source-buffett-letters-1987.md
  Line 165: [concept-intrinsic-value](../concepts/concept-intrinsic-value.md)
  Error: Target file not found: D:\codebuddySpace\Buffett'sLetter\wiki\concepts\concept-intrinsic-value.md

File: wiki\sources\source-buffett-letters-1987.md
  Line 208: [entity-benjamin-graham](../entities/entity-benjamin-graham.md)
  Error: Target file not found: D:\codebuddySpace\Buffett'sLetter\wiki\entities\entity-benjamin-graham.md

File: wiki\sources\source-buffett-letters-1987.md
  Line 208: [concept-permanent-holdings](../concepts/concept-permanent-holdings.md)
  Error: Target file not found: D:\codebuddySpace\Buffett'sLetter\wiki\concepts\concept-permanent-holdings.md

File: wiki\sources\source-buffett-letters-1988.md
  Line 31: [GEICO](../entities/entity-geico.md)
  Error: Target file not found: D:\codebuddySpace\Buffett'sLetter\wiki\entities\entity-geico.md

File: wiki\sources\source-buffett-letters-1988.md
  Line 32: [Capital Cities/ABC](../entities/entity-cap-cities-abc.md)
  Error: Target file not found: D:\codebuddySpace\Buffett'sLetter\wiki\entities\entity-cap-cities-abc.md

File: wiki\sources\source-buffett-letters-1988.md
  Line 33: [Washington Post](../entities/entity-washington-post.md)
  Error: Target file not found: D:\codebuddySpace\Buffett'sLetter\wiki\entities\entity-washington-post.md

File: wiki\sources\source-buffett-letters-1988.md
  Line 64: [GEICO](../entities/entity-geico.md)
  Error: Target file not found: D:\codebuddySpace\Buffett'sLetter\wiki\entities\entity-geico.md

File: wiki\sources\source-buffett-letters-1988.md
  Line 65: [Capital Cities/ABC](../entities/entity-cap-cities-abc.md)
  Error: Target file not found: D:\codebuddySpace\Buffett'sLetter\wiki\entities\entity-cap-cities-abc.md

File: wiki\sources\source-buffett-letters-1988.md
  Line 66: [Washington Post](../entities/entity-washington-post.md)
  Error: Target file not found: D:\codebuddySpace\Buffett'sLetter\wiki\entities\entity-washington-post.md

File: wiki\sources\source-buffett-letters-1988.md
  Line 67: [Coca-Cola](../entities/entity-coca-cola.md)
  Error: Target file not found: D:\codebuddySpace\Buffett'sLetter\wiki\entities\entity-coca-cola.md

File: wiki\sources\source-buffett-letters-1988.md
  Line 68: [Nebraska Furniture Mart](../entities/entity-nebraska-furniture-mart.md)
  Error: Target file not found: D:\codebuddySpace\Buffett'sLetter\wiki\entities\entity-nebraska-furniture-mart.md

File: wiki\sources\source-buffett-letters-1988.md
  Line 73: [���ڼ�ֵ](../concepts/concept-intrinsic-value.md)
  Error: Target file not found: D:\codebuddySpace\Buffett'sLetter\wiki\concepts\concept-intrinsic-value.md

File: wiki\sources\source-buffett-letters-1988.md
  Line 75: [���óֹ�](../concepts/concept-permanent-holdings.md)
  Error: Target file not found: D:\codebuddySpace\Buffett'sLetter\wiki\concepts\concept-permanent-holdings.md

File: wiki\sources\source-buffett-letters-1989.md
  Line 31: [Coca-Cola](../entities/entity-coca-cola.md)
  Error: Target file not found: D:\codebuddySpace\Buffett'sLetter\wiki\entities\entity-coca-cola.md

File: wiki\sources\source-buffett-letters-1989.md
  Line 32: [GEICO](../entities/entity-geico.md)
  Error: Target file not found: D:\codebuddySpace\Buffett'sLetter\wiki\entities\entity-geico.md

File: wiki\sources\source-buffett-letters-1989.md
  Line 33: [Capital Cities/ABC](../entities/entity-cap-cities-abc.md)
  Error: Target file not found: D:\codebuddySpace\Buffett'sLetter\wiki\entities\entity-cap-cities-abc.md

File: wiki\sources\source-buffett-letters-1989.md
  Line 59: [GEICO](../entities/entity-geico.md)
  Error: Target file not found: D:\codebuddySpace\Buffett'sLetter\wiki\entities\entity-geico.md

File: wiki\sources\source-buffett-letters-1989.md
  Line 73: [GEICO](../entities/entity-geico.md)
  Error: Target file not found: D:\codebuddySpace\Buffett'sLetter\wiki\entities\entity-geico.md

File: wiki\sources\source-buffett-letters-1989.md
  Line 74: [Coca-Cola](../entities/entity-coca-cola.md)
  Error: Target file not found: D:\codebuddySpace\Buffett'sLetter\wiki\entities\entity-coca-cola.md

File: wiki\sources\source-buffett-letters-1989.md
  Line 75: [Borsheim's](../entities/entity-borsheims.md)
  Error: Target file not found: D:\codebuddySpace\Buffett'sLetter\wiki\entities\entity-borsheims.md

File: wiki\sources\source-buffett-letters-1989.md
  Line 76: [Fechheimer Bros.](../entities/entity-fechheimer.md)
  Error: Target file not found: D:\codebuddySpace\Buffett'sLetter\wiki\entities\entity-fechheimer.md

File: wiki\sources\source-buffett-letters-1989.md
  Line 80: [͸��ӯ��](../concepts/concept-look-through-earnings.md)
  Error: Target file not found: D:\codebuddySpace\Buffett'sLetter\wiki\concepts\concept-look-through-earnings.md

File: wiki\sources\source-buffett-letters-1989.md
  Line 82: [���ڼ�ֵ](../concepts/concept-intrinsic-value.md)
  Error: Target file not found: D:\codebuddySpace\Buffett'sLetter\wiki\concepts\concept-intrinsic-value.md

File: wiki\sources\source-buffett-letters-1989.md
  Line 83: [����������](../concepts/concept-owner-earnings.md)
  Error: Target file not found: D:\codebuddySpace\Buffett'sLetter\wiki\concepts\concept-owner-earnings.md

File: wiki\sources\source-buffett-letters-1990.md
  Line 24: [Wells Fargo](../entities/entity-wells-fargo.md)
  Error: Target file not found: D:\codebuddySpace\Buffett'sLetter\wiki\entities\entity-wells-fargo.md

File: wiki\sources\source-buffett-letters-1990.md
  Line 45: [GEICO](../entities/entity-geico.md)
  Error: Target file not found: D:\codebuddySpace\Buffett'sLetter\wiki\entities\entity-geico.md

File: wiki\sources\source-buffett-letters-1990.md
  Line 53: [͸��ӯ��](../concepts/concept-look-through-earnings.md)
  Error: Target file not found: D:\codebuddySpace\Buffett'sLetter\wiki\concepts\concept-look-through-earnings.md

File: wiki\sources\source-buffett-letters-1990.md
  Line 68: [Wells Fargo](../entities/entity-wells-fargo.md)
  Error: Target file not found: D:\codebuddySpace\Buffett'sLetter\wiki\entities\entity-wells-fargo.md

File: wiki\sources\source-buffett-letters-1990.md
  Line 69: [GEICO](../entities/entity-geico.md)
  Error: Target file not found: D:\codebuddySpace\Buffett'sLetter\wiki\entities\entity-geico.md

File: wiki\sources\source-buffett-letters-1990.md
  Line 70: [Coca-Cola](../entities/entity-coca-cola.md)
  Error: Target file not found: D:\codebuddySpace\Buffett'sLetter\wiki\entities\entity-coca-cola.md

File: wiki\sources\source-buffett-letters-1990.md
  Line 71: [Nebraska Furniture Mart](../entities/entity-nebraska-furniture-mart.md)
  Error: Target file not found: D:\codebuddySpace\Buffett'sLetter\wiki\entities\entity-nebraska-furniture-mart.md

File: wiki\sources\source-buffett-letters-1990.md
  Line 76: [͸��ӯ��](../concepts/concept-look-through-earnings.md)
  Error: Target file not found: D:\codebuddySpace\Buffett'sLetter\wiki\concepts\concept-look-through-earnings.md

File: wiki\sources\source-buffett-letters-1990.md
  Line 77: [���ڼ�ֵ](../concepts/concept-intrinsic-value.md)
  Error: Target file not found: D:\codebuddySpace\Buffett'sLetter\wiki\concepts\concept-intrinsic-value.md

File: wiki\sources\source-buffett-letters-1991.md
  Line 23: [��������](../concepts/concept-economic-goodwill.md)
  Error: Target file not found: D:\codebuddySpace\Buffett'sLetter\wiki\concepts\concept-economic-goodwill.md

File: wiki\sources\source-buffett-letters-1991.md
  Line 57: [Buffalo News](../entities/entity-buffalo-news.md)
  Error: Target file not found: D:\codebuddySpace\Buffett'sLetter\wiki\entities\entity-buffalo-news.md

File: wiki\sources\source-buffett-letters-1991.md
  Line 69: [GEICO](../entities/entity-geico.md)
  Error: Target file not found: D:\codebuddySpace\Buffett'sLetter\wiki\entities\entity-geico.md

File: wiki\sources\source-buffett-letters-1991.md
  Line 80: [Coca-Cola](../entities/entity-coca-cola.md)
  Error: Target file not found: D:\codebuddySpace\Buffett'sLetter\wiki\entities\entity-coca-cola.md

File: wiki\sources\source-buffett-letters-1991.md
  Line 88: [H.H. Brown](../entities/entity-h-h-brown.md)
  Error: Target file not found: D:\codebuddySpace\Buffett'sLetter\wiki\entities\entity-h-h-brown.md

File: wiki\sources\source-buffett-letters-1991.md
  Line 89: [GEICO](../entities/entity-geico.md)
  Error: Target file not found: D:\codebuddySpace\Buffett'sLetter\wiki\entities\entity-geico.md

File: wiki\sources\source-buffett-letters-1991.md
  Line 90: [Coca-Cola](../entities/entity-coca-cola.md)
  Error: Target file not found: D:\codebuddySpace\Buffett'sLetter\wiki\entities\entity-coca-cola.md

File: wiki\sources\source-buffett-letters-1991.md
  Line 91: [Buffalo News](../entities/entity-buffalo-news.md)
  Error: Target file not found: D:\codebuddySpace\Buffett'sLetter\wiki\entities\entity-buffalo-news.md

File: wiki\sources\source-buffett-letters-1991.md
  Line 92: [Wells Fargo](../entities/entity-wells-fargo.md)
  Error: Target file not found: D:\codebuddySpace\Buffett'sLetter\wiki\entities\entity-wells-fargo.md

File: wiki\sources\source-buffett-letters-1991.md
  Line 96: [��������](../concepts/concept-economic-goodwill.md)
  Error: Target file not found: D:\codebuddySpace\Buffett'sLetter\wiki\concepts\concept-economic-goodwill.md

File: wiki\sources\source-buffett-letters-1991.md
  Line 99: [���ڼ�ֵ](../concepts/concept-intrinsic-value.md)
  Error: Target file not found: D:\codebuddySpace\Buffett'sLetter\wiki\concepts\concept-intrinsic-value.md

File: wiki\sources\source-buffett-letters-1992.md
  Line 23: [���ڼ�ֵ](../concepts/concept-intrinsic-value.md)
  Error: Target file not found: D:\codebuddySpace\Buffett'sLetter\wiki\concepts\concept-intrinsic-value.md

File: wiki\sources\source-buffett-letters-1992.md
  Line 42: [��ȫ�߼�](../concepts/concept-margin-of-safety.md)
  Error: Target file not found: D:\codebuddySpace\Buffett'sLetter\wiki\concepts\concept-margin-of-safety.md

File: wiki\sources\source-buffett-letters-1992.md
  Line 66: [͸��ӯ��](../concepts/concept-look-through-earnings.md)
  Error: Target file not found: D:\codebuddySpace\Buffett'sLetter\wiki\concepts\concept-look-through-earnings.md

File: wiki\sources\source-buffett-letters-1992.md
  Line 72: [Coca-Cola](../entities/entity-coca-cola.md)
  Error: Target file not found: D:\codebuddySpace\Buffett'sLetter\wiki\entities\entity-coca-cola.md

File: wiki\sources\source-buffett-letters-1992.md
  Line 73: [GEICO](../entities/entity-geico.md)
  Error: Target file not found: D:\codebuddySpace\Buffett'sLetter\wiki\entities\entity-geico.md

File: wiki\sources\source-buffett-letters-1992.md
  Line 74: [Gillette](../entities/entity-gillette.md)
  Error: Target file not found: D:\codebuddySpace\Buffett'sLetter\wiki\entities\entity-gillette.md

File: wiki\sources\source-buffett-letters-1992.md
  Line 91: [Lowell Shoe](../entities/entity-lowell-shoe.md)
  Error: Target file not found: D:\codebuddySpace\Buffett'sLetter\wiki\entities\entity-lowell-shoe.md

File: wiki\sources\source-buffett-letters-1992.md
  Line 92: [H.H. Brown](../entities/entity-h-h-brown.md)
  Error: Target file not found: D:\codebuddySpace\Buffett'sLetter\wiki\entities\entity-h-h-brown.md

File: wiki\sources\source-buffett-letters-1992.md
  Line 93: [Coca-Cola](../entities/entity-coca-cola.md)
  Error: Target file not found: D:\codebuddySpace\Buffett'sLetter\wiki\entities\entity-coca-cola.md

File: wiki\sources\source-buffett-letters-1992.md
  Line 94: [Gillette](../entities/entity-gillette.md)
  Error: Target file not found: D:\codebuddySpace\Buffett'sLetter\wiki\entities\entity-gillette.md

File: wiki\sources\source-buffett-letters-1992.md
  Line 95: [GEICO](../entities/entity-geico.md)
  Error: Target file not found: D:\codebuddySpace\Buffett'sLetter\wiki\entities\entity-geico.md

File: wiki\sources\source-buffett-letters-1992.md
  Line 99: [���ڼ�ֵ](../concepts/concept-intrinsic-value.md)
  Error: Target file not found: D:\codebuddySpace\Buffett'sLetter\wiki\concepts\concept-intrinsic-value.md

File: wiki\sources\source-buffett-letters-1992.md
  Line 100: [��ȫ�߼�](../concepts/concept-margin-of-safety.md)
  Error: Target file not found: D:\codebuddySpace\Buffett'sLetter\wiki\concepts\concept-margin-of-safety.md

File: wiki\sources\source-buffett-letters-1992.md
  Line 101: [͸��ӯ��](../concepts/concept-look-through-earnings.md)
  Error: Target file not found: D:\codebuddySpace\Buffett'sLetter\wiki\concepts\concept-look-through-earnings.md

File: wiki\sources\source-buffett-letters-1993.md
  Line 53: [͸��ӯ��](../concepts/concept-look-through-earnings.md)
  Error: Target file not found: D:\codebuddySpace\Buffett'sLetter\wiki\concepts\concept-look-through-earnings.md

File: wiki\sources\source-buffett-letters-1993.md
  Line 59: [Coca-Cola](../entities/entity-coca-cola.md)
  Error: Target file not found: D:\codebuddySpace\Buffett'sLetter\wiki\entities\entity-coca-cola.md

File: wiki\sources\source-buffett-letters-1993.md
  Line 60: [GEICO](../entities/entity-geico.md)
  Error: Target file not found: D:\codebuddySpace\Buffett'sLetter\wiki\entities\entity-geico.md

File: wiki\sources\source-buffett-letters-1993.md
  Line 61: [Gillette](../entities/entity-gillette.md)
  Error: Target file not found: D:\codebuddySpace\Buffett'sLetter\wiki\entities\entity-gillette.md

File: wiki\sources\source-buffett-letters-1993.md
  Line 62: [Wells Fargo](../entities/entity-wells-fargo.md)
  Error: Target file not found: D:\codebuddySpace\Buffett'sLetter\wiki\entities\entity-wells-fargo.md

File: wiki\sources\source-buffett-letters-1993.md
  Line 86: [Dexter Shoe](../entities/entity-dexter-shoe.md)
  Error: Target file not found: D:\codebuddySpace\Buffett'sLetter\wiki\entities\entity-dexter-shoe.md

File: wiki\sources\source-buffett-letters-1993.md
  Line 87: [H.H. Brown](../entities/entity-h-h-brown.md)
  Error: Target file not found: D:\codebuddySpace\Buffett'sLetter\wiki\entities\entity-h-h-brown.md

File: wiki\sources\source-buffett-letters-1993.md
  Line 88: [Coca-Cola](../entities/entity-coca-cola.md)
  Error: Target file not found: D:\codebuddySpace\Buffett'sLetter\wiki\entities\entity-coca-cola.md

File: wiki\sources\source-buffett-letters-1993.md
  Line 89: [GEICO](../entities/entity-geico.md)
  Error: Target file not found: D:\codebuddySpace\Buffett'sLetter\wiki\entities\entity-geico.md

File: wiki\sources\source-buffett-letters-1993.md
  Line 90: [Gillette](../entities/entity-gillette.md)
  Error: Target file not found: D:\codebuddySpace\Buffett'sLetter\wiki\entities\entity-gillette.md

File: wiki\sources\source-buffett-letters-1993.md
  Line 94: [͸��ӯ��](../concepts/concept-look-through-earnings.md)
  Error: Target file not found: D:\codebuddySpace\Buffett'sLetter\wiki\concepts\concept-look-through-earnings.md

File: wiki\sources\source-buffett-letters-1993.md
  Line 96: [���ڼ�ֵ](../concepts/concept-intrinsic-value.md)
  Error: Target file not found: D:\codebuddySpace\Buffett'sLetter\wiki\concepts\concept-intrinsic-value.md

File: wiki\sources\source-buffett-letters-1994.md
  Line 115: [Scott Fetzer](../entities/entity-scott-fetzer.md)
  Error: Target file not found: D:\codebuddySpace\Buffett'sLetter\wiki\entities\entity-scott-fetzer.md

File: wiki\sources\source-buffett-letters-1994.md
  Line 116: [Coca-Cola](../entities/entity-coca-cola.md)
  Error: Target file not found: D:\codebuddySpace\Buffett'sLetter\wiki\entities\entity-coca-cola.md

File: wiki\sources\source-buffett-letters-1994.md
  Line 117: [Gillette](../entities/entity-gillette.md)
  Error: Target file not found: D:\codebuddySpace\Buffett'sLetter\wiki\entities\entity-gillette.md

File: wiki\sources\source-buffett-letters-1994.md
  Line 118: [Wells Fargo](../entities/entity-wells-fargo.md)
  Error: Target file not found: D:\codebuddySpace\Buffett'sLetter\wiki\entities\entity-wells-fargo.md

File: wiki\sources\source-buffett-letters-1994.md
  Line 122: [���ڼ�ֵ](../concepts/concept-intrinsic-value.md)
  Error: Target file not found: D:\codebuddySpace\Buffett'sLetter\wiki\concepts\concept-intrinsic-value.md

File: wiki\sources\source-buffett-letters-1994.md
  Line 123: [�����ֵ](../concepts/concept-book-value.md)
  Error: Target file not found: D:\codebuddySpace\Buffett'sLetter\wiki\concepts\concept-book-value.md

File: wiki\sources\source-buffett-letters-1994.md
  Line 125: [�ʱ�����](../concepts/concept-capital-allocation.md)
  Error: Target file not found: D:\codebuddySpace\Buffett'sLetter\wiki\concepts\concept-capital-allocation.md

File: wiki\sources\source-buffett-letters-1995.md
  Line 103: [GEICO](../entities/entity-geico.md)
  Error: Target file not found: D:\codebuddySpace\Buffett'sLetter\wiki\entities\entity-geico.md

File: wiki\sources\source-buffett-letters-1995.md
  Line 104: [Helzberg's Diamond Shops](../entities/entity-helzbergs.md)
  Error: Target file not found: D:\codebuddySpace\Buffett'sLetter\wiki\entities\entity-helzbergs.md

File: wiki\sources\source-buffett-letters-1995.md
  Line 105: [R.C. Willey Home Furnishings](../entities/entity-rc-willey.md)
  Error: Target file not found: D:\codebuddySpace\Buffett'sLetter\wiki\entities\entity-rc-willey.md

File: wiki\sources\source-buffett-letters-1995.md
  Line 106: [Coca-Cola](../entities/entity-coca-cola.md)
  Error: Target file not found: D:\codebuddySpace\Buffett'sLetter\wiki\entities\entity-coca-cola.md

File: wiki\sources\source-buffett-letters-1995.md
  Line 107: [Gillette](../entities/entity-gillette.md)
  Error: Target file not found: D:\codebuddySpace\Buffett'sLetter\wiki\entities\entity-gillette.md

File: wiki\sources\source-buffett-letters-1995.md
  Line 113: [���ڼ�ֵ](../concepts/concept-intrinsic-value.md)
  Error: Target file not found: D:\codebuddySpace\Buffett'sLetter\wiki\concepts\concept-intrinsic-value.md

File: wiki\sources\source-buffett-letters-1995.md
  Line 164: [Letter 1976](source-buffett-letters-1976.md)
  Error: Target file not found: D:\codebuddySpace\Buffett'sLetter\wiki\sources\source-buffett-letters-1976.md

File: wiki\sources\source-buffett-letters-1995.md
  Line 165: [Letter 1951](source-buffett-letters-1951.md)
  Error: Target file not found: D:\codebuddySpace\Buffett'sLetter\wiki\sources\source-buffett-letters-1951.md

File: wiki\sources\source-buffett-letters-1996.md
  Line 121: [FlightSafety International](../entities/entity-flightsafety.md)
  Error: Target file not found: D:\codebuddySpace\Buffett'sLetter\wiki\entities\entity-flightsafety.md

File: wiki\sources\source-buffett-letters-1996.md
  Line 122: [Kansas Bankers Surety](../entities/entity-kansas-bankers-surety.md)
  Error: Target file not found: D:\codebuddySpace\Buffett'sLetter\wiki\entities\entity-kansas-bankers-surety.md

File: wiki\sources\source-buffett-letters-1996.md
  Line 123: [GEICO](../entities/entity-geico.md)
  Error: Target file not found: D:\codebuddySpace\Buffett'sLetter\wiki\entities\entity-geico.md

File: wiki\sources\source-buffett-letters-1996.md
  Line 124: [Coca-Cola](../entities/entity-coca-cola.md)
  Error: Target file not found: D:\codebuddySpace\Buffett'sLetter\wiki\entities\entity-coca-cola.md

File: wiki\sources\source-buffett-letters-1996.md
  Line 125: [Gillette](../entities/entity-gillette.md)
  Error: Target file not found: D:\codebuddySpace\Buffett'sLetter\wiki\entities\entity-gillette.md

File: wiki\sources\source-buffett-letters-1996.md
  Line 130: [���ڼ�ֵ](../concepts/concept-intrinsic-value.md)
  Error: Target file not found: D:\codebuddySpace\Buffett'sLetter\wiki\concepts\concept-intrinsic-value.md

File: wiki\sources\source-buffett-letters-1996.md
  Line 131: [��ȫ�߼�](../concepts/concept-margin-of-safety.md)
  Error: Target file not found: D:\codebuddySpace\Buffett'sLetter\wiki\concepts\concept-margin-of-safety.md

File: wiki\sources\source-buffett-letters-1997.md
  Line 138: [GEICO](../entities/entity-geico.md)
  Error: Target file not found: D:\codebuddySpace\Buffett'sLetter\wiki\entities\entity-geico.md

File: wiki\sources\source-buffett-letters-1997.md
  Line 139: [Coca-Cola](../entities/entity-coca-cola.md)
  Error: Target file not found: D:\codebuddySpace\Buffett'sLetter\wiki\entities\entity-coca-cola.md

File: wiki\sources\source-buffett-letters-1997.md
  Line 140: [Gillette](../entities/entity-gillette.md)
  Error: Target file not found: D:\codebuddySpace\Buffett'sLetter\wiki\entities\entity-gillette.md

File: wiki\sources\source-buffett-letters-1997.md
  Line 141: [Wells Fargo](../entities/entity-wells-fargo.md)
  Error: Target file not found: D:\codebuddySpace\Buffett'sLetter\wiki\entities\entity-wells-fargo.md

File: wiki\sources\source-buffett-letters-1997.md
  Line 142: [Washington Post](../entities/entity-washington-post.md)
  Error: Target file not found: D:\codebuddySpace\Buffett'sLetter\wiki\entities\entity-washington-post.md

File: wiki\sources\source-buffett-letters-1997.md
  Line 146: [���ڼ�ֵ](../concepts/concept-intrinsic-value.md)
  Error: Target file not found: D:\codebuddySpace\Buffett'sLetter\wiki\concepts\concept-intrinsic-value.md

File: wiki\sources\source-buffett-letters-1997.md
  Line 148: [��ȫ�߼�](../concepts/concept-margin-of-safety.md)
  Error: Target file not found: D:\codebuddySpace\Buffett'sLetter\wiki\concepts\concept-margin-of-safety.md

File: wiki\sources\source-buffett-letters-1997.md
  Line 207: [Letter 1998](source-buffett-letters-1998.md)
  Error: Target file not found: D:\codebuddySpace\Buffett'sLetter\wiki\sources\source-buffett-letters-1998.md

File: wiki\sources\source-buffett-letters-2000.md
  Line 87: [MidAmerican Energy](../entities/entity-midamerican-energy.md)
  Error: Target file not found: D:\codebuddySpace\Buffett'sLetter\wiki\entities\entity-midamerican-energy.md

File: wiki\sources\source-buffett-letters-2000.md
  Line 88: [GEICO](../entities/entity-geico.md)
  Error: Target file not found: D:\codebuddySpace\Buffett'sLetter\wiki\entities\entity-geico.md

File: wiki\sources\source-buffett-letters-2000.md
  Line 89: [Shaw Industries](../entities/entity-shaw.md)
  Error: Target file not found: D:\codebuddySpace\Buffett'sLetter\wiki\entities\entity-shaw.md

File: wiki\sources\source-buffett-letters-2000.md
  Line 90: [Benjamin Moore](../entities/entity-benjamin-moore.md)
  Error: Target file not found: D:\codebuddySpace\Buffett'sLetter\wiki\entities\entity-benjamin-moore.md

File: wiki\sources\source-buffett-letters-2000.md
  Line 94: [�չ�ս��](../concepts/concept-acquisitions.md)
  Error: Target file not found: D:\codebuddySpace\Buffett'sLetter\wiki\concepts\concept-acquisitions.md

File: wiki\sources\source-buffett-letters-2000.md
  Line 95: [�ʱ�����](../concepts/concept-capital-allocation.md)
  Error: Target file not found: D:\codebuddySpace\Buffett'sLetter\wiki\concepts\concept-capital-allocation.md

File: wiki\sources\source-buffett-letters-2000.md
  Line 118: [source-buffett-letters-1999](source-buffett-letters-1999.md)
  Error: Target file not found: D:\codebuddySpace\Buffett'sLetter\wiki\sources\source-buffett-letters-1999.md

File: wiki\sources\source-buffett-letters-2000.md
  Line 122: [�ʱ�����](../concepts/concept-capital-allocation.md)
  Error: Target file not found: D:\codebuddySpace\Buffett'sLetter\wiki\concepts\concept-capital-allocation.md

File: wiki\sources\source-buffett-letters-2001.md
  Line 96: [Fruit of the Loom](../entities/entity-fruit-of-the-loom.md)
  Error: Target file not found: D:\codebuddySpace\Buffett'sLetter\wiki\entities\entity-fruit-of-the-loom.md

File: wiki\sources\source-buffett-letters-2001.md
  Line 97: [MiTek](../entities/entity-mitek.md)
  Error: Target file not found: D:\codebuddySpace\Buffett'sLetter\wiki\entities\entity-mitek.md

File: wiki\sources\source-buffett-letters-2001.md
  Line 98: [XTRA](../entities/entity-xtra.md)
  Error: Target file not found: D:\codebuddySpace\Buffett'sLetter\wiki\entities\entity-xtra.md

File: wiki\sources\source-buffett-letters-2001.md
  Line 99: [Larson-Juhl](../entities/entity-larson-juhl.md)
  Error: Target file not found: D:\codebuddySpace\Buffett'sLetter\wiki\entities\entity-larson-juhl.md

File: wiki\sources\source-buffett-letters-2001.md
  Line 104: [�ʱ�����](../concepts/concept-capital-allocation.md)
  Error: Target file not found: D:\codebuddySpace\Buffett'sLetter\wiki\concepts\concept-capital-allocation.md

File: wiki\sources\source-buffett-letters-2001.md
  Line 105: [���չ���](../concepts/concept-risk-management.md)
  Error: Target file not found: D:\codebuddySpace\Buffett'sLetter\wiki\concepts\concept-risk-management.md

File: wiki\sources\source-buffett-letters-2001.md
  Line 130: [���չ���](../concepts/concept-risk-management.md)
  Error: Target file not found: D:\codebuddySpace\Buffett'sLetter\wiki\concepts\concept-risk-management.md

File: wiki\sources\source-buffett-letters-2002.md
  Line 153: [The Pampered Chef](../entities/entity-the-pampered-chef.md)
  Error: Target file not found: D:\codebuddySpace\Buffett'sLetter\wiki\entities\entity-the-pampered-chef.md

File: wiki\sources\source-buffett-letters-2002.md
  Line 154: [MidAmerican Energy](../entities/entity-midamerican-energy.md)
  Error: Target file not found: D:\codebuddySpace\Buffett'sLetter\wiki\entities\entity-midamerican-energy.md

File: wiki\sources\source-buffett-letters-2002.md
  Line 155: [CTB](../entities/entity-ctb.md)
  Error: Target file not found: D:\codebuddySpace\Buffett'sLetter\wiki\entities\entity-ctb.md

File: wiki\sources\source-buffett-letters-2002.md
  Line 156: [HomeServices](../entities/entity-homeservices.md)
  Error: Target file not found: D:\codebuddySpace\Buffett'sLetter\wiki\entities\entity-homeservices.md

File: wiki\sources\source-buffett-letters-2002.md
  Line 161: [����Ʒ](../concepts/concept-derivatives.md)
  Error: Target file not found: D:\codebuddySpace\Buffett'sLetter\wiki\concepts\concept-derivatives.md

File: wiki\sources\source-buffett-letters-2002.md
  Line 162: [���չ���](../concepts/concept-risk-management.md)
  Error: Target file not found: D:\codebuddySpace\Buffett'sLetter\wiki\concepts\concept-risk-management.md

File: wiki\sources\source-buffett-letters-2002.md
  Line 191: [����Ʒ](../concepts/concept-derivatives.md)
  Error: Target file not found: D:\codebuddySpace\Buffett'sLetter\wiki\concepts\concept-derivatives.md

File: wiki\sources\source-buffett-letters-2002.md
  Line 192: [���չ���](../concepts/concept-risk-management.md)
  Error: Target file not found: D:\codebuddySpace\Buffett'sLetter\wiki\concepts\concept-risk-management.md

File: wiki\sources\source-buffett-letters-2003.md
  Line 82: [Clayton Homes](../entities/entity-clayton-homes.md)
  Error: Target file not found: D:\codebuddySpace\Buffett'sLetter\wiki\entities\entity-clayton-homes.md

File: wiki\sources\source-buffett-letters-2003.md
  Line 83: [Oakwood Homes](../entities/entity-oakwood-homes.md)
  Error: Target file not found: D:\codebuddySpace\Buffett'sLetter\wiki\entities\entity-oakwood-homes.md

File: wiki\sources\source-buffett-letters-2003.md
  Line 84: [GEICO](../entities/entity-geico.md)
  Error: Target file not found: D:\codebuddySpace\Buffett'sLetter\wiki\entities\entity-geico.md

File: wiki\sources\source-buffett-letters-2003.md
  Line 85: [Coca-Cola](../entities/entity-coca-cola.md)
  Error: Target file not found: D:\codebuddySpace\Buffett'sLetter\wiki\entities\entity-coca-cola.md

File: wiki\sources\source-buffett-letters-2003.md
  Line 89: [���ڼ�ֵ](../concepts/concept-intrinsic-value.md)
  Error: Target file not found: D:\codebuddySpace\Buffett'sLetter\wiki\concepts\concept-intrinsic-value.md

File: wiki\sources\source-buffett-letters-2003.md
  Line 90: [��ȫ�߼�](../concepts/concept-margin-of-safety.md)
  Error: Target file not found: D:\codebuddySpace\Buffett'sLetter\wiki\concepts\concept-margin-of-safety.md

File: wiki\sources\source-buffett-letters-2003.md
  Line 91: [�ʱ�����](../concepts/concept-capital-allocation.md)
  Error: Target file not found: D:\codebuddySpace\Buffett'sLetter\wiki\concepts\concept-capital-allocation.md

File: wiki\sources\source-buffett-letters-2004.md
  Line 95: [MidAmerican Energy](../entities/entity-midamerican-energy.md)
  Error: Target file not found: D:\codebuddySpace\Buffett'sLetter\wiki\entities\entity-midamerican-energy.md

File: wiki\sources\source-buffett-letters-2004.md
  Line 96: [HomeServices of America](../entities/entity-homeservices.md)
  Error: Target file not found: D:\codebuddySpace\Buffett'sLetter\wiki\entities\entity-homeservices.md

File: wiki\sources\source-buffett-letters-2004.md
  Line 97: [GEICO](../entities/entity-geico.md)
  Error: Target file not found: D:\codebuddySpace\Buffett'sLetter\wiki\entities\entity-geico.md

File: wiki\sources\source-buffett-letters-2004.md
  Line 101: [�ʱ�����](../concepts/concept-capital-allocation.md)
  Error: Target file not found: D:\codebuddySpace\Buffett'sLetter\wiki\concepts\concept-capital-allocation.md

File: wiki\sources\source-buffett-letters-2004.md
  Line 102: [��ҵ��](../concepts/concept-simple-business.md)
  Error: Target file not found: D:\codebuddySpace\Buffett'sLetter\wiki\concepts\concept-simple-business.md

File: wiki\sources\source-buffett-letters-2004.md
  Line 103: [���ڼ�ֵ](../concepts/concept-intrinsic-value.md)
  Error: Target file not found: D:\codebuddySpace\Buffett'sLetter\wiki\concepts\concept-intrinsic-value.md

File: wiki\sources\source-buffett-letters-2005.md
  Line 120: [GEICO](../entities/entity-geico.md)
  Error: Target file not found: D:\codebuddySpace\Buffett'sLetter\wiki\entities\entity-geico.md

File: wiki\sources\source-buffett-letters-2005.md
  Line 121: [Medical Protective](../entities/entity-medical-protective.md)
  Error: Target file not found: D:\codebuddySpace\Buffett'sLetter\wiki\entities\entity-medical-protective.md

File: wiki\sources\source-buffett-letters-2005.md
  Line 122: [Forest River](../entities/entity-forest-river.md)
  Error: Target file not found: D:\codebuddySpace\Buffett'sLetter\wiki\entities\entity-forest-river.md

File: wiki\sources\source-buffett-letters-2005.md
  Line 123: [Business Wire](../entities/entity-business-wire.md)
  Error: Target file not found: D:\codebuddySpace\Buffett'sLetter\wiki\entities\entity-business-wire.md

File: wiki\sources\source-buffett-letters-2005.md
  Line 127: [���ڼ�ֵ](../concepts/concept-intrinsic-value.md)
  Error: Target file not found: D:\codebuddySpace\Buffett'sLetter\wiki\concepts\concept-intrinsic-value.md

File: wiki\sources\source-buffett-letters-2005.md
  Line 129: [������](../concepts/concept-productivity.md)
  Error: Target file not found: D:\codebuddySpace\Buffett'sLetter\wiki\concepts\concept-productivity.md

File: wiki\sources\source-buffett-letters-2006.md
  Line 100: [GEICO](../entities/entity-geico.md)
  Error: Target file not found: D:\codebuddySpace\Buffett'sLetter\wiki\entities\entity-geico.md

File: wiki\sources\source-buffett-letters-2006.md
  Line 101: [Coca-Cola](../entities/entity-coca-cola.md)
  Error: Target file not found: D:\codebuddySpace\Buffett'sLetter\wiki\entities\entity-coca-cola.md

File: wiki\sources\source-buffett-letters-2006.md
  Line 102: [Wells Fargo](../entities/entity-wells-fargo.md)
  Error: Target file not found: D:\codebuddySpace\Buffett'sLetter\wiki\entities\entity-wells-fargo.md

File: wiki\sources\source-buffett-letters-2006.md
  Line 107: [������](../concepts/concept-productivity.md)
  Error: Target file not found: D:\codebuddySpace\Buffett'sLetter\wiki\concepts\concept-productivity.md

File: wiki\sources\source-buffett-letters-2006.md
  Line 108: [���ڼ�ֵ](../concepts/concept-intrinsic-value.md)
  Error: Target file not found: D:\codebuddySpace\Buffett'sLetter\wiki\concepts\concept-intrinsic-value.md

File: wiki\sources\source-buffett-letters-2006.md
  Line 109: [�ʱ�����](../concepts/concept-capital-allocation.md)
  Error: Target file not found: D:\codebuddySpace\Buffett'sLetter\wiki\concepts\concept-capital-allocation.md

File: wiki\sources\source-buffett-letters-2007.md
  Line 95: [Marmon Group](../entities/entity-marmon-group.md)
  Error: Target file not found: D:\codebuddySpace\Buffett'sLetter\wiki\entities\entity-marmon-group.md

File: wiki\sources\source-buffett-letters-2007.md
  Line 96: [TTI Industries](../entities/entity-tti.md)
  Error: Target file not found: D:\codebuddySpace\Buffett'sLetter\wiki\entities\entity-tti.md

File: wiki\sources\source-buffett-letters-2007.md
  Line 97: [Iscar](../entities/entity-iscar.md)
  Error: Target file not found: D:\codebuddySpace\Buffett'sLetter\wiki\entities\entity-iscar.md

File: wiki\sources\source-buffett-letters-2007.md
  Line 98: [Wells Fargo](../entities/entity-wells-fargo.md)
  Error: Target file not found: D:\codebuddySpace\Buffett'sLetter\wiki\entities\entity-wells-fargo.md

File: wiki\sources\source-buffett-letters-2007.md
  Line 99: [Pritzker Family](../entities/entity-pritzker-family.md)
  Error: Target file not found: D:\codebuddySpace\Buffett'sLetter\wiki\entities\entity-pritzker-family.md

File: wiki\sources\source-buffett-letters-2007.md
  Line 103: [˫�ؼ�ֵ������׼](../concepts/concept-yardsticks.md)
  Error: Target file not found: D:\codebuddySpace\Buffett'sLetter\wiki\concepts\concept-yardsticks.md

File: wiki\sources\source-buffett-letters-2007.md
  Line 104: [�����Ļ�](../concepts/concept-managerial-culture.md)
  Error: Target file not found: D:\codebuddySpace\Buffett'sLetter\wiki\concepts\concept-managerial-culture.md

File: wiki\sources\source-buffett-letters-2007.md
  Line 106: [��ģ��ս](../concepts/concept-scale-challenge.md)
  Error: Target file not found: D:\codebuddySpace\Buffett'sLetter\wiki\concepts\concept-scale-challenge.md

File: wiki\sources\source-buffett-letters-2008.md
  Line 140: [Marmon Group](../entities/entity-marmon-group.md)
  Error: Target file not found: D:\codebuddySpace\Buffett'sLetter\wiki\entities\entity-marmon-group.md

File: wiki\sources\source-buffett-letters-2008.md
  Line 141: [MidAmerican Energy](../entities/entity-midamerican-energy.md)
  Error: Target file not found: D:\codebuddySpace\Buffett'sLetter\wiki\entities\entity-midamerican-energy.md

File: wiki\sources\source-buffett-letters-2008.md
  Line 143: [Wrigley](../entities/entity-wrigley.md)
  Error: Target file not found: D:\codebuddySpace\Buffett'sLetter\wiki\entities\entity-wrigley.md

File: wiki\sources\source-buffett-letters-2008.md
  Line 147: [����ʵ��](../concepts/concept-financial-strength.md)
  Error: Target file not found: D:\codebuddySpace\Buffett'sLetter\wiki\concepts\concept-financial-strength.md

File: wiki\sources\source-buffett-letters-2008.md
  Line 148: [���û��Ǻ�](../concepts/concept-moat.md)
  Error: Target file not found: D:\codebuddySpace\Buffett'sLetter\wiki\concepts\concept-moat.md

File: wiki\sources\source-buffett-letters-2008.md
  Line 150: [��ȫ�߼�](../concepts/concept-margin-of-safety.md)
  Error: Target file not found: D:\codebuddySpace\Buffett'sLetter\wiki\concepts\concept-margin-of-safety.md

File: wiki\sources\source-buffett-letters-2008.md
  Line 151: [��������](../concepts/concept-american-resilience.md)
  Error: Target file not found: D:\codebuddySpace\Buffett'sLetter\wiki\concepts\concept-american-resilience.md

File: wiki\sources\source-buffett-letters-2009.md
  Line 168: [Burlington Northern Santa Fe](../entities/entity-bnsf.md)
  Error: Target file not found: D:\codebuddySpace\Buffett'sLetter\wiki\entities\entity-bnsf.md

File: wiki\sources\source-buffett-letters-2009.md
  Line 169: [GEICO](../entities/entity-geico.md)
  Error: Target file not found: D:\codebuddySpace\Buffett'sLetter\wiki\entities\entity-geico.md

File: wiki\sources\source-buffett-letters-2009.md
  Line 171: [Wrigley](../entities/entity-wrigley.md)
  Error: Target file not found: D:\codebuddySpace\Buffett'sLetter\wiki\entities\entity-wrigley.md

File: wiki\sources\source-buffett-letters-2009.md
  Line 175: [���ڼ�ֵ](../concepts/concept-intrinsic-value.md)
  Error: Target file not found: D:\codebuddySpace\Buffett'sLetter\wiki\concepts\concept-intrinsic-value.md

File: wiki\sources\source-buffett-letters-2009.md
  Line 176: [�����ֵ](../concepts/concept-book-value.md)
  Error: Target file not found: D:\codebuddySpace\Buffett'sLetter\wiki\concepts\concept-book-value.md

File: wiki\sources\source-buffett-letters-2009.md
  Line 177: [�ʱ�Ͷ��](../concepts/concept-capital-investment.md)
  Error: Target file not found: D:\codebuddySpace\Buffett'sLetter\wiki\concepts\concept-capital-investment.md

File: wiki\sources\source-buffett-letters-2009.md
  Line 178: [ȥ���Ļ�����](../concepts/concept-decentralization.md)
  Error: Target file not found: D:\codebuddySpace\Buffett'sLetter\wiki\concepts\concept-decentralization.md

File: wiki\sources\source-buffett-letters-2009.md
  Line 179: [����˼ά](../concepts/concept-inversion.md)
  Error: Target file not found: D:\codebuddySpace\Buffett'sLetter\wiki\concepts\concept-inversion.md

File: wiki\sources\source-buffett-letters-2010.md
  Line 123: [Burlington Northern Santa Fe](../entities/entity-bnsf.md)
  Error: Target file not found: D:\codebuddySpace\Buffett'sLetter\wiki\entities\entity-bnsf.md

File: wiki\sources\source-buffett-letters-2010.md
  Line 124: [GEICO](../entities/entity-geico.md)
  Error: Target file not found: D:\codebuddySpace\Buffett'sLetter\wiki\entities\entity-geico.md

File: wiki\sources\source-buffett-letters-2010.md
  Line 129: [����ӯ������](../concepts/concept-normal-earning-power.md)
  Error: Target file not found: D:\codebuddySpace\Buffett'sLetter\wiki\concepts\concept-normal-earning-power.md

File: wiki\sources\source-buffett-letters-2010.md
  Line 130: [�ʱ��ܼ���](../concepts/concept-capital-intensity.md)
  Error: Target file not found: D:\codebuddySpace\Buffett'sLetter\wiki\concepts\concept-capital-intensity.md

File: wiki\sources\source-buffett-letters-2010.md
  Line 131: [��������](../concepts/concept-five-year-periods.md)
  Error: Target file not found: D:\codebuddySpace\Buffett'sLetter\wiki\concepts\concept-five-year-periods.md

File: wiki\sources\source-buffett-letters-2010.md
  Line 132: [�����ֹ�����](../concepts/concept-american-optimism.md)
  Error: Target file not found: D:\codebuddySpace\Buffett'sLetter\wiki\concepts\concept-american-optimism.md

File: wiki\sources\source-buffett-letters-2012.md
  Line 178: [H.J. Heinz](../entities/entity-heinz.md)
  Error: Target file not found: D:\codebuddySpace\Buffett'sLetter\wiki\entities\entity-heinz.md

File: wiki\sources\source-buffett-letters-2012.md
  Line 179: [Burlington Northern Santa Fe](../entities/entity-bnsf.md)
  Error: Target file not found: D:\codebuddySpace\Buffett'sLetter\wiki\entities\entity-bnsf.md

File: wiki\sources\source-buffett-letters-2012.md
  Line 180: [Iscar](../entities/entity-iscar.md)
  Error: Target file not found: D:\codebuddySpace\Buffett'sLetter\wiki\entities\entity-iscar.md

File: wiki\sources\source-buffett-letters-2012.md
  Line 181: [Lubrizol](../entities/entity-lubrizol.md)
  Error: Target file not found: D:\codebuddySpace\Buffett'sLetter\wiki\entities\entity-lubrizol.md

File: wiki\sources\source-buffett-letters-2012.md
  Line 182: [Marmon Group](../entities/entity-marmon-group.md)
  Error: Target file not found: D:\codebuddySpace\Buffett'sLetter\wiki\entities\entity-marmon-group.md

File: wiki\sources\source-buffett-letters-2012.md
  Line 183: [MidAmerican Energy](../entities/entity-midamerican-energy.md)
  Error: Target file not found: D:\codebuddySpace\Buffett'sLetter\wiki\entities\entity-midamerican-energy.md

File: wiki\sources\source-buffett-letters-2012.md
  Line 184: [GEICO](../entities/entity-geico.md)
  Error: Target file not found: D:\codebuddySpace\Buffett'sLetter\wiki\entities\entity-geico.md

File: wiki\sources\source-buffett-letters-2012.md
  Line 185: [American Express](../entities/entity-american-express.md)
  Error: Target file not found: D:\codebuddySpace\Buffett'sLetter\wiki\entities\entity-american-express.md

File: wiki\sources\source-buffett-letters-2012.md
  Line 186: [Coca-Cola](../entities/entity-coca-cola.md)
  Error: Target file not found: D:\codebuddySpace\Buffett'sLetter\wiki\entities\entity-coca-cola.md

File: wiki\sources\source-buffett-letters-2012.md
  Line 187: [IBM](../entities/entity-ibm.md)
  Error: Target file not found: D:\codebuddySpace\Buffett'sLetter\wiki\entities\entity-ibm.md

File: wiki\sources\source-buffett-letters-2012.md
  Line 188: [Wells Fargo](../entities/entity-wells-fargo.md)
  Error: Target file not found: D:\codebuddySpace\Buffett'sLetter\wiki\entities\entity-wells-fargo.md

File: wiki\sources\source-buffett-letters-2012.md
  Line 192: [ÿ������](../concepts/concept-per-share-growth.md)
  Error: Target file not found: D:\codebuddySpace\Buffett'sLetter\wiki\concepts\concept-per-share-growth.md

File: wiki\sources\source-buffett-letters-2012.md
  Line 193: [�������](../concepts/concept-buy-and-hold.md)
  Error: Target file not found: D:\codebuddySpace\Buffett'sLetter\wiki\concepts\concept-buy-and-hold.md

File: wiki\sources\source-buffett-letters-2012.md
  Line 194: [��ǿ���չ�](../concepts/concept-bolt-on-acquisitions.md)
  Error: Target file not found: D:\codebuddySpace\Buffett'sLetter\wiki\concepts\concept-bolt-on-acquisitions.md

File: wiki\sources\source-buffett-letters-2012.md
  Line 195: [���ո����](../concepts/concept-insurance-float.md)
  Error: Target file not found: D:\codebuddySpace\Buffett'sLetter\wiki\concepts\concept-insurance-float.md

File: wiki\sources\source-buffett-letters-2012.md
  Line 196: [�б�ӯ��](../concepts/concept-underwriting-profit.md)
  Error: Target file not found: D:\codebuddySpace\Buffett'sLetter\wiki\concepts\concept-underwriting-profit.md

File: wiki\sources\source-buffett-letters-2012.md
  Line 197: [�ʱ�����](../concepts/concept-capital-allocation.md)
  Error: Target file not found: D:\codebuddySpace\Buffett'sLetter\wiki\concepts\concept-capital-allocation.md

File: wiki\sources\source-buffett-letters-2013.md
  Line 71: [NV Energy](../entities/entity-nv-energy.md)
  Error: Target file not found: D:\codebuddySpace\Buffett'sLetter\wiki\entities\entity-nv-energy.md

File: wiki\sources\source-buffett-letters-2013.md
  Line 72: [H.J. Heinz](../entities/entity-heinz.md)
  Error: Target file not found: D:\codebuddySpace\Buffett'sLetter\wiki\entities\entity-heinz.md

File: wiki\sources\source-buffett-letters-2013.md
  Line 73: [3G Capital](../entities/entity-3g-capital.md)
  Error: Target file not found: D:\codebuddySpace\Buffett'sLetter\wiki\entities\entity-3g-capital.md

File: wiki\sources\source-buffett-letters-2013.md
  Line 74: [Jorge Paulo Lemann](../entities/entity-jorge-paulo-lemann.md)
  Error: Target file not found: D:\codebuddySpace\Buffett'sLetter\wiki\entities\entity-jorge-paulo-lemann.md

File: wiki\sources\source-buffett-letters-2013.md
  Line 75: [Iscar (IMC)](../entities/entity-iscar.md)
  Error: Target file not found: D:\codebuddySpace\Buffett'sLetter\wiki\entities\entity-iscar.md

File: wiki\sources\source-buffett-letters-2013.md
  Line 76: [GEICO](../entities/entity-geico.md)
  Error: Target file not found: D:\codebuddySpace\Buffett'sLetter\wiki\entities\entity-geico.md

File: wiki\sources\source-buffett-letters-2013.md
  Line 77: [BNSF](../entities/entity-bnsf.md)
  Error: Target file not found: D:\codebuddySpace\Buffett'sLetter\wiki\entities\entity-bnsf.md

File: wiki\sources\source-buffett-letters-2013.md
  Line 78: [Berkshire Hathaway Energy](../entities/entity-berkshire-hathaway-energy.md)
  Error: Target file not found: D:\codebuddySpace\Buffett'sLetter\wiki\entities\entity-berkshire-hathaway-energy.md

File: wiki\sources\source-buffett-letters-2013.md
  Line 82: [���ڼ�ֵ](../concepts/concept-intrinsic-value.md)
  Error: Target file not found: D:\codebuddySpace\Buffett'sLetter\wiki\concepts\concept-intrinsic-value.md

File: wiki\sources\source-buffett-letters-2013.md
  Line 83: [��ǿ���չ�](../concepts/concept-bolt-on-acquisitions.md)
  Error: Target file not found: D:\codebuddySpace\Buffett'sLetter\wiki\concepts\concept-bolt-on-acquisitions.md

File: wiki\sources\source-buffett-letters-2013.md
  Line 84: [�����](../concepts/concept-powerhouse-five.md)
  Error: Target file not found: D:\codebuddySpace\Buffett'sLetter\wiki\concepts\concept-powerhouse-five.md

File: wiki\sources\source-buffett-letters-2013.md
  Line 85: [ÿ������](../concepts/concept-per-share-growth.md)
  Error: Target file not found: D:\codebuddySpace\Buffett'sLetter\wiki\concepts\concept-per-share-growth.md

File: wiki\sources\source-buffett-letters-2013.md
  Line 86: [����ģ��](../concepts/concept-partnership-template.md)
  Error: Target file not found: D:\codebuddySpace\Buffett'sLetter\wiki\concepts\concept-partnership-template.md

File: wiki\sources\source-buffett-letters-2013.md
  Line 110: [�չ�����](../concepts/concept-acquisitions.md)
  Error: Target file not found: D:\codebuddySpace\Buffett'sLetter\wiki\concepts\concept-acquisitions.md

File: wiki\sources\source-buffett-letters-2013.md
  Line 111: [�����ֹ�����](../concepts/concept-american-optimism.md)
  Error: Target file not found: D:\codebuddySpace\Buffett'sLetter\wiki\concepts\concept-american-optimism.md

File: wiki\sources\source-buffett-letters-2014.md
  Line 85: [Duracell](../entities/entity-duracell.md)
  Error: Target file not found: D:\codebuddySpace\Buffett'sLetter\wiki\entities\entity-duracell.md

File: wiki\sources\source-buffett-letters-2014.md
  Line 86: [Van Tuyl Automotive](../entities/entity-van-tuyl-automotive.md)
  Error: Target file not found: D:\codebuddySpace\Buffett'sLetter\wiki\entities\entity-van-tuyl-automotive.md

File: wiki\sources\source-buffett-letters-2014.md
  Line 87: [Tim Hortons](../entities/entity-tim-hortons.md)
  Error: Target file not found: D:\codebuddySpace\Buffett'sLetter\wiki\entities\entity-tim-hortons.md

File: wiki\sources\source-buffett-letters-2014.md
  Line 88: [Burger King](../entities/entity-burger-king.md)
  Error: Target file not found: D:\codebuddySpace\Buffett'sLetter\wiki\entities\entity-burger-king.md

File: wiki\sources\source-buffett-letters-2014.md
  Line 89: [Kraft Heinz](../entities/entity-kraft-heinz.md)
  Error: Target file not found: D:\codebuddySpace\Buffett'sLetter\wiki\entities\entity-kraft-heinz.md

File: wiki\sources\source-buffett-letters-2014.md
  Line 93: [��ǿ���չ�](../concepts/concept-bolt-on-acquisitions.md)
  Error: Target file not found: D:\codebuddySpace\Buffett'sLetter\wiki\concepts\concept-bolt-on-acquisitions.md

File: wiki\sources\source-buffett-letters-2014.md
  Line 94: [�����](../concepts/concept-powerhouse-five.md)
  Error: Target file not found: D:\codebuddySpace\Buffett'sLetter\wiki\concepts\concept-powerhouse-five.md

File: wiki\sources\source-buffett-letters-2014.md
  Line 95: [����׿Խ](../concepts/concept-service-excellence.md)
  Error: Target file not found: D:\codebuddySpace\Buffett'sLetter\wiki\concepts\concept-service-excellence.md

File: wiki\sources\source-buffett-letters-2014.md
  Line 96: [����ѧϰ](../concepts/concept-experience-learning.md)
  Error: Target file not found: D:\codebuddySpace\Buffett'sLetter\wiki\concepts\concept-experience-learning.md

File: wiki\sources\source-buffett-letters-2014.md
  Line 126: [���ڼ�ֵ](../concepts/concept-long-term-value.md)
  Error: Target file not found: D:\codebuddySpace\Buffett'sLetter\wiki\concepts\concept-long-term-value.md

File: wiki\sources\source-buffett-letters-2014.md
  Line 127: [����ϣ���Ļ�](../concepts/concept-berkshire-culture.md)
  Error: Target file not found: D:\codebuddySpace\Buffett'sLetter\wiki\concepts\concept-berkshire-culture.md

File: wiki\sources\source-buffett-letters-2015.md
  Line 82: [Precision Castparts](../entities/entity-precision-castparts.md)
  Error: Target file not found: D:\codebuddySpace\Buffett'sLetter\wiki\entities\entity-precision-castparts.md

File: wiki\sources\source-buffett-letters-2015.md
  Line 83: [Kraft Heinz](../entities/entity-kraft-heinz.md)
  Error: Target file not found: D:\codebuddySpace\Buffett'sLetter\wiki\entities\entity-kraft-heinz.md

File: wiki\sources\source-buffett-letters-2015.md
  Line 84: [Mark Donegan](../entities/entity-mark-donegan.md)
  Error: Target file not found: D:\codebuddySpace\Buffett'sLetter\wiki\entities\entity-mark-donegan.md

File: wiki\sources\source-buffett-letters-2015.md
  Line 85: [Jacob Harpaz](../entities/entity-jacob-harpaz.md)
  Error: Target file not found: D:\codebuddySpace\Buffett'sLetter\wiki\entities\entity-jacob-harpaz.md

File: wiki\sources\source-buffett-letters-2015.md
  Line 86: [Matt Rose](../entities/entity-matt-rose.md)
  Error: Target file not found: D:\codebuddySpace\Buffett'sLetter\wiki\entities\entity-matt-rose.md

File: wiki\sources\source-buffett-letters-2015.md
  Line 87: [Carl Ice](../entities/entity-carl-ice.md)
  Error: Target file not found: D:\codebuddySpace\Buffett'sLetter\wiki\entities\entity-carl-ice.md

File: wiki\sources\source-buffett-letters-2015.md
  Line 91: [������](../concepts/concept-powerhouse-six.md)
  Error: Target file not found: D:\codebuddySpace\Buffett'sLetter\wiki\concepts\concept-powerhouse-six.md

File: wiki\sources\source-buffett-letters-2015.md
  Line 92: [��������Դ](../concepts/concept-renewable-energy.md)
  Error: Target file not found: D:\codebuddySpace\Buffett'sLetter\wiki\concepts\concept-renewable-energy.md

File: wiki\sources\source-buffett-letters-2015.md
  Line 93: [����Ľ�](../concepts/concept-service-improvement.md)
  Error: Target file not found: D:\codebuddySpace\Buffett'sLetter\wiki\concepts\concept-service-improvement.md

File: wiki\sources\source-buffett-letters-2015.md
  Line 94: [�����չ�](../concepts/concept-large-acquisitions.md)
  Error: Target file not found: D:\codebuddySpace\Buffett'sLetter\wiki\concepts\concept-large-acquisitions.md

File: wiki\sources\source-buffett-letters-2015.md
  Line 128: [�չ�����](../concepts/concept-acquisition-integration.md)
  Error: Target file not found: D:\codebuddySpace\Buffett'sLetter\wiki\concepts\concept-acquisition-integration.md

File: wiki\sources\source-buffett-letters-2015.md
  Line 129: [��������ԴͶ��](../concepts/concept-renewable-investment.md)
  Error: Target file not found: D:\codebuddySpace\Buffett'sLetter\wiki\concepts\concept-renewable-investment.md

File: wiki\sources\source-buffett-letters-2016.md
  Line 82: [Dexter Shoe](../entities/entity-dexter-shoe.md)
  Error: Target file not found: D:\codebuddySpace\Buffett'sLetter\wiki\entities\entity-dexter-shoe.md

File: wiki\sources\source-buffett-letters-2016.md
  Line 83: [General Reinsurance](../entities/entity-general-re.md)
  Error: Target file not found: D:\codebuddySpace\Buffett'sLetter\wiki\entities\entity-general-re.md

File: wiki\sources\source-buffett-letters-2016.md
  Line 84: [GEICO](../entities/entity-geico.md)
  Error: Target file not found: D:\codebuddySpace\Buffett'sLetter\wiki\entities\entity-geico.md

File: wiki\sources\source-buffett-letters-2016.md
  Line 85: [MidAmerican Energy](../entities/entity-midamerican-energy.md)
  Error: Target file not found: D:\codebuddySpace\Buffett'sLetter\wiki\entities\entity-midamerican-energy.md

File: wiki\sources\source-buffett-letters-2016.md
  Line 86: [BNSF](../entities/entity-bnsf.md)
  Error: Target file not found: D:\codebuddySpace\Buffett'sLetter\wiki\entities\entity-bnsf.md

File: wiki\sources\source-buffett-letters-2016.md
  Line 90: [ת��](../concepts/concept-transformation.md)
  Error: Target file not found: D:\codebuddySpace\Buffett'sLetter\wiki\concepts\concept-transformation.md

File: wiki\sources\source-buffett-letters-2016.md
  Line 91: [��Ʊvs�ֽ�](../concepts/concept-stock-vs-cash.md)
  Error: Target file not found: D:\codebuddySpace\Buffett'sLetter\wiki\concepts\concept-stock-vs-cash.md

File: wiki\sources\source-buffett-letters-2016.md
  Line 92: [�������](../concepts/concept-mistake-admission.md)
  Error: Target file not found: D:\codebuddySpace\Buffett'sLetter\wiki\concepts\concept-mistake-admission.md

File: wiki\sources\source-buffett-letters-2016.md
  Line 93: [���ڼ�ֵvs�����ֵ](../concepts/concept-intrinsic-vs-book.md)
  Error: Target file not found: D:\codebuddySpace\Buffett'sLetter\wiki\concepts\concept-intrinsic-vs-book.md

File: wiki\sources\source-buffett-letters-2016.md
  Line 125: [�ʱ�����](../concepts/concept-capital-allocation.md)
  Error: Target file not found: D:\codebuddySpace\Buffett'sLetter\wiki\concepts\concept-capital-allocation.md

File: wiki\sources\source-buffett-letters-2016.md
  Line 126: [�����漣](../concepts/concept-american-miracle.md)
  Error: Target file not found: D:\codebuddySpace\Buffett'sLetter\wiki\concepts\concept-american-miracle.md

File: wiki\sources\source-buffett-letters-2017.md
  Line 105: [Pilot Flying J](../entities/entity-pilot-flying-j.md)
  Error: Target file not found: D:\codebuddySpace\Buffett'sLetter\wiki\entities\entity-pilot-flying-j.md

File: wiki\sources\source-buffett-letters-2017.md
  Line 106: [Haslam Family](../entities/entity-haslam-family.md)
  Error: Target file not found: D:\codebuddySpace\Buffett'sLetter\wiki\entities\entity-haslam-family.md

File: wiki\sources\source-buffett-letters-2017.md
  Line 107: [HomeServices](../entities/entity-homeservices.md)
  Error: Target file not found: D:\codebuddySpace\Buffett'sLetter\wiki\entities\entity-homeservices.md

File: wiki\sources\source-buffett-letters-2017.md
  Line 108: [Clayton Homes](../entities/entity-clayton-homes.md)
  Error: Target file not found: D:\codebuddySpace\Buffett'sLetter\wiki\entities\entity-clayton-homes.md

File: wiki\sources\source-buffett-letters-2017.md
  Line 109: [Shaw Industries](../entities/entity-shaw-industries.md)
  Error: Target file not found: D:\codebuddySpace\Buffett'sLetter\wiki\entities\entity-shaw-industries.md

File: wiki\sources\source-buffett-letters-2017.md
  Line 110: [Ajit Jain](../entities/entity-ajit-jain.md)
  Error: Target file not found: D:\codebuddySpace\Buffett'sLetter\wiki\entities\entity-ajit-jain.md

File: wiki\sources\source-buffett-letters-2017.md
  Line 111: [Greg Abel](../entities/entity-greg-abel.md)
  Error: Target file not found: D:\codebuddySpace\Buffett'sLetter\wiki\entities\entity-greg-abel.md

File: wiki\sources\source-buffett-letters-2017.md
  Line 115: [˰�Ƹĸ�](../concepts/concept-tax-reform.md)
  Error: Target file not found: D:\codebuddySpace\Buffett'sLetter\wiki\concepts\concept-tax-reform.md

File: wiki\sources\source-buffett-letters-2017.md
  Line 116: [GAAPŤ��](../concepts/concept-gaap-distortion.md)
  Error: Target file not found: D:\codebuddySpace\Buffett'sLetter\wiki\concepts\concept-gaap-distortion.md

File: wiki\sources\source-buffett-letters-2017.md
  Line 117: [�չ�����](../concepts/concept-acquisition-prudence.md)
  Error: Target file not found: D:\codebuddySpace\Buffett'sLetter\wiki\concepts\concept-acquisition-prudence.md

File: wiki\sources\source-buffett-letters-2017.md
  Line 118: [��������](../concepts/concept-management-succession.md)
  Error: Target file not found: D:\codebuddySpace\Buffett'sLetter\wiki\concepts\concept-management-succession.md

File: wiki\sources\source-buffett-letters-2017.md
  Line 153: [��������](../concepts/concept-earnings-quality.md)
  Error: Target file not found: D:\codebuddySpace\Buffett'sLetter\wiki\concepts\concept-earnings-quality.md

File: wiki\sources\source-buffett-letters-2017.md
  Line 154: [��˾����](../concepts/concept-corporate-governance.md)
  Error: Target file not found: D:\codebuddySpace\Buffett'sLetter\wiki\concepts\concept-corporate-governance.md

File: wiki\sources\source-buffett-letters-2018.md
  Line 96: [Kraft Heinz](../entities/entity-kraft-heinz.md)
  Error: Target file not found: D:\codebuddySpace\Buffett'sLetter\wiki\entities\entity-kraft-heinz.md

File: wiki\sources\source-buffett-letters-2018.md
  Line 97: [Ajit Jain](../entities/entity-ajit-jain.md)
  Error: Target file not found: D:\codebuddySpace\Buffett'sLetter\wiki\entities\entity-ajit-jain.md

File: wiki\sources\source-buffett-letters-2018.md
  Line 98: [Greg Abel](../entities/entity-greg-abel.md)
  Error: Target file not found: D:\codebuddySpace\Buffett'sLetter\wiki\entities\entity-greg-abel.md

File: wiki\sources\source-buffett-letters-2018.md
  Line 99: [Berkadia](../entities/entity-berkadia.md)
  Error: Target file not found: D:\codebuddySpace\Buffett'sLetter\wiki\entities\entity-berkadia.md

File: wiki\sources\source-buffett-letters-2018.md
  Line 103: [ɭ���ַ�](../concepts/concept-forest-groves.md)
  Error: Target file not found: D:\codebuddySpace\Buffett'sLetter\wiki\concepts\concept-forest-groves.md

File: wiki\sources\source-buffett-letters-2018.md
  Line 104: [GAAPvsӪҵ����](../concepts/concept-gaap-vs-operating.md)
  Error: Target file not found: D:\codebuddySpace\Buffett'sLetter\wiki\concepts\concept-gaap-vs-operating.md

File: wiki\sources\source-buffett-letters-2018.md
  Line 105: [�����ֵ��ʱ](../concepts/concept-book-value-obsolescence.md)
  Error: Target file not found: D:\codebuddySpace\Buffett'sLetter\wiki\concepts\concept-book-value-obsolescence.md

File: wiki\sources\source-buffett-letters-2018.md
  Line 106: [˫���ʱ�����](../concepts/concept-dual-capital-allocation.md)
  Error: Target file not found: D:\codebuddySpace\Buffett'sLetter\wiki\concepts\concept-dual-capital-allocation.md

File: wiki\sources\source-buffett-letters-2018.md
  Line 146: [��������](../concepts/concept-earnings-quality.md)
  Error: Target file not found: D:\codebuddySpace\Buffett'sLetter\wiki\concepts\concept-earnings-quality.md

File: wiki\sources\source-buffett-letters-2018.md
  Line 147: [��ҵ��ֵ](../concepts/concept-business-valuation.md)
  Error: Target file not found: D:\codebuddySpace\Buffett'sLetter\wiki\concepts\concept-business-valuation.md

File: wiki\sources\source-buffett-letters-2019.md
  Line 96: [Edgar Lawrence Smith](../entities/entity-edgar-lawrence-smith.md)
  Error: Target file not found: D:\codebuddySpace\Buffett'sLetter\wiki\entities\entity-edgar-lawrence-smith.md

File: wiki\sources\source-buffett-letters-2019.md
  Line 97: [John Maynard Keynes](../entities/entity-john-maynard-keynes.md)
  Error: Target file not found: D:\codebuddySpace\Buffett'sLetter\wiki\entities\entity-john-maynard-keynes.md

File: wiki\sources\source-buffett-letters-2019.md
  Line 98: [Coca-Cola](../entities/entity-coca-cola.md)
  Error: Target file not found: D:\codebuddySpace\Buffett'sLetter\wiki\entities\entity-coca-cola.md

File: wiki\sources\source-buffett-letters-2019.md
  Line 99: [American Express](../entities/entity-american-express.md)
  Error: Target file not found: D:\codebuddySpace\Buffett'sLetter\wiki\entities\entity-american-express.md

File: wiki\sources\source-buffett-letters-2019.md
  Line 103: [�������](../concepts/concept-retained-earnings.md)
  Error: Target file not found: D:\codebuddySpace\Buffett'sLetter\wiki\concepts\concept-retained-earnings.md

File: wiki\sources\source-buffett-letters-2019.md
  Line 104: [����](../concepts/concept-compound-interest.md)
  Error: Target file not found: D:\codebuddySpace\Buffett'sLetter\wiki\concepts\concept-compound-interest.md

File: wiki\sources\source-buffett-letters-2019.md
  Line 105: [���ڳֹ�](../concepts/concept-long-term-holding.md)
  Error: Target file not found: D:\codebuddySpace\Buffett'sLetter\wiki\concepts\concept-long-term-holding.md

File: wiki\sources\source-buffett-letters-2019.md
  Line 106: [��Ϣ����](../concepts/concept-dividend-growth.md)
  Error: Target file not found: D:\codebuddySpace\Buffett'sLetter\wiki\concepts\concept-dividend-growth.md

File: wiki\sources\source-buffett-letters-2019.md
  Line 143: [��ֵ����](../concepts/concept-value-creation.md)
  Error: Target file not found: D:\codebuddySpace\Buffett'sLetter\wiki\concepts\concept-value-creation.md

File: wiki\sources\source-buffett-letters-2019.md
  Line 144: [Ͷ����ѧ](../concepts/concept-investment-philosophy.md)
  Error: Target file not found: D:\codebuddySpace\Buffett'sLetter\wiki\concepts\concept-investment-philosophy.md

File: wiki\sources\source-buffett-letters-2020.md
  Line 93: [Precision Castparts](../entities/entity-precision-castparts.md)
  Error: Target file not found: D:\codebuddySpace\Buffett'sLetter\wiki\entities\entity-precision-castparts.md

File: wiki\sources\source-buffett-letters-2020.md
  Line 94: [Mark Donegan](../entities/entity-mark-donegan.md)
  Error: Target file not found: D:\codebuddySpace\Buffett'sLetter\wiki\entities\entity-mark-donegan.md

File: wiki\sources\source-buffett-letters-2020.md
  Line 98: [��ҵ���Ų���](../concepts/concept-conglomerate-difference.md)
  Error: Target file not found: D:\codebuddySpace\Buffett'sLetter\wiki\concepts\concept-conglomerate-difference.md

File: wiki\sources\source-buffett-letters-2020.md
  Line 99: [�������](../concepts/concept-mistake-admission.md)
  Error: Target file not found: D:\codebuddySpace\Buffett'sLetter\wiki\concepts\concept-mistake-admission.md

File: wiki\sources\source-buffett-letters-2020.md
  Line 100: [˫������](../concepts/concept-dual-advantage.md)
  Error: Target file not found: D:\codebuddySpace\Buffett'sLetter\wiki\concepts\concept-dual-advantage.md

File: wiki\sources\source-buffett-letters-2020.md
  Line 101: [�˳�����](../concepts/concept-exit-ease.md)
  Error: Target file not found: D:\codebuddySpace\Buffett'sLetter\wiki\concepts\concept-exit-ease.md

File: wiki\sources\source-buffett-letters-2020.md
  Line 145: [�չ�����](../concepts/concept-acquisition-mistakes.md)
  Error: Target file not found: D:\codebuddySpace\Buffett'sLetter\wiki\concepts\concept-acquisition-mistakes.md

File: wiki\sources\source-buffett-letters-2020.md
  Line 146: [��˾�ṹ](../concepts/concept-corporate-structure.md)
  Error: Target file not found: D:\codebuddySpace\Buffett'sLetter\wiki\concepts\concept-corporate-structure.md

File: wiki\sources\source-buffett-letters-2021.md
  Line 94: [Berkshire Fine Spinning](../entities/entity-berkshire-fine-spinning.md)
  Error: Target file not found: D:\codebuddySpace\Buffett'sLetter\wiki\entities\entity-berkshire-fine-spinning.md

File: wiki\sources\source-buffett-letters-2021.md
  Line 95: [Hathaway Manufacturing](../entities/entity-hathaway-manufacturing.md)
  Error: Target file not found: D:\codebuddySpace\Buffett'sLetter\wiki\entities\entity-hathaway-manufacturing.md

File: wiki\sources\source-buffett-letters-2021.md
  Line 96: [Lehman Brothers](../entities/entity-lehman-brothers.md)
  Error: Target file not found: D:\codebuddySpace\Buffett'sLetter\wiki\entities\entity-lehman-brothers.md

File: wiki\sources\source-buffett-letters-2021.md
  Line 100: [������ʩ�ʲ�](../concepts/concept-infrastructure-assets.md)
  Error: Target file not found: D:\codebuddySpace\Buffett'sLetter\wiki\concepts\concept-infrastructure-assets.md

File: wiki\sources\source-buffett-letters-2021.md
  Line 101: [ҵ��ѡ����](../concepts/concept-business-pickers.md)
  Error: Target file not found: D:\codebuddySpace\Buffett'sLetter\wiki\concepts\concept-business-pickers.md

File: wiki\sources\source-buffett-letters-2021.md
  Line 102: [˰�ջ���ϵ](../concepts/concept-tax-partnership.md)
  Error: Target file not found: D:\codebuddySpace\Buffett'sLetter\wiki\concepts\concept-tax-partnership.md

File: wiki\sources\source-buffett-letters-2021.md
  Line 103: [�������ƻ�](../concepts/concept-creative-destruction.md)
  Error: Target file not found: D:\codebuddySpace\Buffett'sLetter\wiki\concepts\concept-creative-destruction.md

File: wiki\sources\source-buffett-letters-2021.md
  Line 156: [������ҵ](../concepts/concept-american-business.md)
  Error: Target file not found: D:\codebuddySpace\Buffett'sLetter\wiki\concepts\concept-american-business.md

File: wiki\sources\source-buffett-letters-2021.md
  Line 157: [�ɶ��Ļ�](../concepts/concept-shareholder-culture.md)
  Error: Target file not found: D:\codebuddySpace\Buffett'sLetter\wiki\concepts\concept-shareholder-culture.md

File: wiki\sources\source-buffett-letters-2022.md
  Line 106: [Coca-Cola](../entities/entity-coca-cola.md)
  Error: Target file not found: D:\codebuddySpace\Buffett'sLetter\wiki\entities\entity-coca-cola.md

File: wiki\sources\source-buffett-letters-2022.md
  Line 107: [American Express](../entities/entity-american-express.md)
  Error: Target file not found: D:\codebuddySpace\Buffett'sLetter\wiki\entities\entity-american-express.md

File: wiki\sources\source-buffett-letters-2022.md
  Line 111: [��������](../concepts/concept-secret-sauce.md)
  Error: Target file not found: D:\codebuddySpace\Buffett'sLetter\wiki\concepts\concept-secret-sauce.md

File: wiki\sources\source-buffett-letters-2022.md
  Line 112: [ҵ��ѡ����](../concepts/concept-business-pickers.md)
  Error: Target file not found: D:\codebuddySpace\Buffett'sLetter\wiki\concepts\concept-business-pickers.md

File: wiki\sources\source-buffett-letters-2022.md
  Line 113: [��Ч�г���](../concepts/concept-efficient-market-myth.md)
  Error: Target file not found: D:\codebuddySpace\Buffett'sLetter\wiki\concepts\concept-efficient-market-myth.md

File: wiki\sources\source-buffett-letters-2022.md
  Line 114: [�þ���Ƶ��](../concepts/concept-good-decisions.md)
  Error: Target file not found: D:\codebuddySpace\Buffett'sLetter\wiki\concepts\concept-good-decisions.md

File: wiki\sources\source-buffett-letters-2022.md
  Line 161: [����ЧӦ](../concepts/concept-compound-interest.md)
  Error: Target file not found: D:\codebuddySpace\Buffett'sLetter\wiki\concepts\concept-compound-interest.md

File: wiki\sources\source-buffett-letters-2022.md
  Line 162: [����Ͷ��](../concepts/concept-patience.md)
  Error: Target file not found: D:\codebuddySpace\Buffett'sLetter\wiki\concepts\concept-patience.md

File: wiki\sources\source-buffett-letters-2023.md
  Line 134: [Charlie Munger](../entities/entity-charlie-munger.md)
  Error: Target file not found: D:\codebuddySpace\Buffett'sLetter\wiki\entities\entity-charlie-munger.md

File: wiki\sources\source-buffett-letters-2023.md
  Line 135: [Bertie](../entities/entity-bertie.md)
  Error: Target file not found: D:\codebuddySpace\Buffett'sLetter\wiki\entities\entity-bertie.md

File: wiki\sources\source-buffett-letters-2023.md
  Line 136: [Ben Graham](../entities/entity-ben-graham.md)
  Error: Target file not found: D:\codebuddySpace\Buffett'sLetter\wiki\entities\entity-ben-graham.md

File: wiki\sources\source-buffett-letters-2023.md
  Line 140: [����ʦvs�а���](../concepts/concept-architect-vs-contractor.md)
  Error: Target file not found: D:\codebuddySpace\Buffett'sLetter\wiki\concepts\concept-architect-vs-contractor.md

File: wiki\sources\source-buffett-letters-2023.md
  Line 141: [����ɶ�](../concepts/concept-lifetime-shareholders.md)
  Error: Target file not found: D:\codebuddySpace\Buffett'sLetter\wiki\concepts\concept-lifetime-shareholders.md

File: wiki\sources\source-buffett-letters-2023.md
  Line 142: [�ĳ��г�](../concepts/concept-casino-markets.md)
  Error: Target file not found: D:\codebuddySpace\Buffett'sLetter\wiki\concepts\concept-casino-markets.md

File: wiki\sources\source-buffett-letters-2023.md
  Line 143: [�����ʱ���ʧ](../concepts/concept-permanent-capital-loss.md)
  Error: Target file not found: D:\codebuddySpace\Buffett'sLetter\wiki\concepts\concept-permanent-capital-loss.md

File: wiki\sources\source-buffett-letters-2023.md
  Line 180: [Charlie Munger�Ų�](../concepts/concept-charlie-munger.md)
  Error: Target file not found: D:\codebuddySpace\Buffett'sLetter\wiki\concepts\concept-charlie-munger.md

File: wiki\sources\source-buffett-letters-2023.md
  Line 181: [�ɶ�����ϵ](../concepts/concept-shareholder-partnership.md)
  Error: Target file not found: D:\codebuddySpace\Buffett'sLetter\wiki\concepts\concept-shareholder-partnership.md

File: wiki\sources\source-buffett-letters-2024.md
  Line 132: [Pete Liegl](../entities/entity-pete-liegl.md)
  Error: Target file not found: D:\codebuddySpace\Buffett'sLetter\wiki\entities\entity-pete-liegl.md

File: wiki\sources\source-buffett-letters-2024.md
  Line 133: [Forest River](../entities/entity-forest-river.md)
  Error: Target file not found: D:\codebuddySpace\Buffett'sLetter\wiki\entities\entity-forest-river.md

File: wiki\sources\source-buffett-letters-2024.md
  Line 134: [Greg Abel](../entities/entity-greg-abel.md)
  Error: Target file not found: D:\codebuddySpace\Buffett'sLetter\wiki\entities\entity-greg-abel.md

File: wiki\sources\source-buffett-letters-2024.md
  Line 135: [Todd Combs](../entities/entity-todd-combs.md)
  Error: Target file not found: D:\codebuddySpace\Buffett'sLetter\wiki\entities\entity-todd-combs.md

File: wiki\sources\source-buffett-letters-2024.md
  Line 136: [Apple](../entities/entity-apple.md)
  Error: Target file not found: D:\codebuddySpace\Buffett'sLetter\wiki\entities\entity-apple.md

File: wiki\sources\source-buffett-letters-2024.md
  Line 137: [Moody's](../entities/entity-moodys.md)
  Error: Target file not found: D:\codebuddySpace\Buffett'sLetter\wiki\entities\entity-moodys.md

File: wiki\sources\source-buffett-letters-2024.md
  Line 141: [�����Ļ�](../concepts/concept-mistake-culture.md)
  Error: Target file not found: D:\codebuddySpace\Buffett'sLetter\wiki\concepts\concept-mistake-culture.md

File: wiki\sources\source-buffett-letters-2024.md
  Line 142: [˰�ռ�¼](../concepts/concept-tax-record.md)
  Error: Target file not found: D:\codebuddySpace\Buffett'sLetter\wiki\concepts\concept-tax-record.md

File: wiki\sources\source-buffett-letters-2024.md
  Line 143: [������ѡ��](../concepts/concept-manager-selection.md)
  Error: Target file not found: D:\codebuddySpace\Buffett'sLetter\wiki\concepts\concept-manager-selection.md

File: wiki\sources\source-buffett-letters-2024.md
  Line 144: [˫���ʱ�����](../concepts/concept-ambidextrous-capital.md)
  Error: Target file not found: D:\codebuddySpace\Buffett'sLetter\wiki\concepts\concept-ambidextrous-capital.md

File: wiki\sources\source-buffett-letters-2024.md
  Line 196: [�쵼�����](../concepts/concept-leadership-transition.md)
  Error: Target file not found: D:\codebuddySpace\Buffett'sLetter\wiki\concepts\concept-leadership-transition.md

File: wiki\sources\source-buffett-letters-2024.md
  Line 197: [����׿Խ](../concepts/concept-managerial-excellence.md)
  Error: Target file not found: D:\codebuddySpace\Buffett'sLetter\wiki\concepts\concept-managerial-excellence.md

File: wiki\sources\source-buffett-letters-2025.md
  Line 184: [Greg Abel](../entities/entity-greg-abel.md)
  Error: Target file not found: D:\codebuddySpace\Buffett'sLetter\wiki\entities\entity-greg-abel.md

File: wiki\sources\source-buffett-letters-2025.md
  Line 185: [Charlie Munger](../entities/entity-charlie-munger.md)
  Error: Target file not found: D:\codebuddySpace\Buffett'sLetter\wiki\entities\entity-charlie-munger.md

File: wiki\sources\source-buffett-letters-2025.md
  Line 186: [Walter Scott, Jr.](../entities/entity-walter-scott.md)
  Error: Target file not found: D:\codebuddySpace\Buffett'sLetter\wiki\entities\entity-walter-scott.md

File: wiki\sources\source-buffett-letters-2025.md
  Line 187: [Ajit Jain](../entities/entity-ajit-jain.md)
  Error: Target file not found: D:\codebuddySpace\Buffett'sLetter\wiki\entities\entity-ajit-jain.md

File: wiki\sources\source-buffett-letters-2025.md
  Line 188: [OxyChem](../entities/entity-oxychem.md)
  Error: Target file not found: D:\codebuddySpace\Buffett'sLetter\wiki\entities\entity-oxychem.md

File: wiki\sources\source-buffett-letters-2025.md
  Line 189: [Bell Laboratories](../entities/entity-bell-laboratories.md)
  Error: Target file not found: D:\codebuddySpace\Buffett'sLetter\wiki\entities\entity-bell-laboratories.md

File: wiki\sources\source-buffett-letters-2025.md
  Line 190: [Steve Levy](../entities/entity-steve-levy.md)
  Error: Target file not found: D:\codebuddySpace\Buffett'sLetter\wiki\entities\entity-steve-levy.md

File: wiki\sources\source-buffett-letters-2025.md
  Line 194: [�Ļ����ֵ��](../concepts/concept-culture-values.md)
  Error: Target file not found: D:\codebuddySpace\Buffett'sLetter\wiki\concepts\concept-culture-values.md

File: wiki\sources\source-buffett-letters-2025.md
  Line 195: [ȥ���Ļ�ģ��](../concepts/concept-decentralized-model.md)
  Error: Target file not found: D:\codebuddySpace\Buffett'sLetter\wiki\concepts\concept-decentralized-model.md

File: wiki\sources\source-buffett-letters-2025.md
  Line 196: [����ʵ��](../concepts/concept-financial-strength.md)
  Error: Target file not found: D:\codebuddySpace\Buffett'sLetter\wiki\concepts\concept-financial-strength.md

File: wiki\sources\source-buffett-letters-2025.md
  Line 197: [�ʱ�����](../concepts/concept-capital-discipline.md)
  Error: Target file not found: D:\codebuddySpace\Buffett'sLetter\wiki\concepts\concept-capital-discipline.md

File: wiki\sources\source-buffett-letters-2025.md
  Line 198: [���չ���](../concepts/concept-risk-management.md)
  Error: Target file not found: D:\codebuddySpace\Buffett'sLetter\wiki\concepts\concept-risk-management.md

File: wiki\sources\source-buffett-letters-2025.md
  Line 242: [����ϣ���Ļ�](../concepts/concept-berkshire-culture.md)
  Error: Target file not found: D:\codebuddySpace\Buffett'sLetter\wiki\concepts\concept-berkshire-culture.md

File: wiki\sources\source-buffett-letters-2025.md
  Line 243: [���μƻ�](../concepts/concept-succession.md)
  Error: Target file not found: D:\codebuddySpace\Buffett'sLetter\wiki\concepts\concept-succession.md

------------------------------------------------------------
WARNINGS
------------------------------------------------------------
  Line 79: Target file not found: D:\codebuddySpace\Buffett'sLetter\wiki\����.md
  Line 14: Target file not found: D:\codebuddySpace\Buffett'sLetter\wiki\entities\entity-benjamin-graham.md
  Line 19: Target file not found: D:\codebuddySpace\Buffett'sLetter\wiki\entities\entity-geico.md
  Line 20: Target file not found: D:\codebuddySpace\Buffett'sLetter\wiki\entities\entity-national-indemnity.md
  Line 21: Target file not found: D:\codebuddySpace\Buffett'sLetter\wiki\entities\entity-washington-post.md
  Line 22: Target file not found: D:\codebuddySpace\Buffett'sLetter\wiki\entities\entity-cap-cities-abc.md
  Line 23: Target file not found: D:\codebuddySpace\Buffett'sLetter\wiki\entities\entity-nebraska-furniture-mart.md
  Line 24: Target file not found: D:\codebuddySpace\Buffett'sLetter\wiki\entities\entity-sees-candies.md
  Line 25: Target file not found: D:\codebuddySpace\Buffett'sLetter\wiki\entities\entity-buffalo-news.md
  Line 26: Target file not found: D:\codebuddySpace\Buffett'sLetter\wiki\entities\entity-fechheimer.md
  ... and 493 more warnings

============================================================
[ERROR] BROKEN LINKS FOUND
Found 503 broken links that need to be fixed.
============================================================
